Archive member included to satisfy reference by file (symbol)

c:/program files/systemworkbench/plugins/fr.ac6.mcu.externaltools.arm-none.win32_1.15.0.201708311556/tools/compiler/bin/../lib/gcc/arm-none-eabi/6.3.1/thumb/v6-m\libgcc.a(_udivsi3.o)
                              DeviceDriver/LED7/LED7.o (__aeabi_uidiv)
c:/program files/systemworkbench/plugins/fr.ac6.mcu.externaltools.arm-none.win32_1.15.0.201708311556/tools/compiler/bin/../lib/gcc/arm-none-eabi/6.3.1/thumb/v6-m\libgcc.a(_divsi3.o)
                              Srv/Srv_RingBuf/Srv_RingBuf.o (__aeabi_idivmod)
c:/program files/systemworkbench/plugins/fr.ac6.mcu.externaltools.arm-none.win32_1.15.0.201708311556/tools/compiler/bin/../lib/gcc/arm-none-eabi/6.3.1/thumb/v6-m\libgcc.a(_dvmd_tls.o)
                              c:/program files/systemworkbench/plugins/fr.ac6.mcu.externaltools.arm-none.win32_1.15.0.201708311556/tools/compiler/bin/../lib/gcc/arm-none-eabi/6.3.1/thumb/v6-m\libgcc.a(_udivsi3.o) (__aeabi_idiv0)
c:/program files/systemworkbench/plugins/fr.ac6.mcu.externaltools.arm-none.win32_1.15.0.201708311556/tools/compiler/bin/../lib/gcc/arm-none-eabi/6.3.1/../../../../arm-none-eabi/lib/thumb/v6-m\libc_nano.a(lib_a-errno.o)
                              Application/SW4STM32/syscalls.o (__errno)
c:/program files/systemworkbench/plugins/fr.ac6.mcu.externaltools.arm-none.win32_1.15.0.201708311556/tools/compiler/bin/../lib/gcc/arm-none-eabi/6.3.1/../../../../arm-none-eabi/lib/thumb/v6-m\libc_nano.a(lib_a-exit.o)
                              c:/program files/systemworkbench/plugins/fr.ac6.mcu.externaltools.arm-none.win32_1.15.0.201708311556/tools/compiler/bin/../lib/gcc/arm-none-eabi/6.3.1/../../../../arm-none-eabi/lib/thumb/v6-m/crt0.o (exit)
c:/program files/systemworkbench/plugins/fr.ac6.mcu.externaltools.arm-none.win32_1.15.0.201708311556/tools/compiler/bin/../lib/gcc/arm-none-eabi/6.3.1/../../../../arm-none-eabi/lib/thumb/v6-m\libc_nano.a(lib_a-impure.o)
                              c:/program files/systemworkbench/plugins/fr.ac6.mcu.externaltools.arm-none.win32_1.15.0.201708311556/tools/compiler/bin/../lib/gcc/arm-none-eabi/6.3.1/../../../../arm-none-eabi/lib/thumb/v6-m\libc_nano.a(lib_a-exit.o) (_global_impure_ptr)
c:/program files/systemworkbench/plugins/fr.ac6.mcu.externaltools.arm-none.win32_1.15.0.201708311556/tools/compiler/bin/../lib/gcc/arm-none-eabi/6.3.1/../../../../arm-none-eabi/lib/thumb/v6-m\libc_nano.a(lib_a-init.o)
                              c:/program files/systemworkbench/plugins/fr.ac6.mcu.externaltools.arm-none.win32_1.15.0.201708311556/tools/compiler/bin/../lib/gcc/arm-none-eabi/6.3.1/../../../../arm-none-eabi/lib/thumb/v6-m/crt0.o (__libc_init_array)
c:/program files/systemworkbench/plugins/fr.ac6.mcu.externaltools.arm-none.win32_1.15.0.201708311556/tools/compiler/bin/../lib/gcc/arm-none-eabi/6.3.1/../../../../arm-none-eabi/lib/thumb/v6-m\libc_nano.a(lib_a-memset.o)
                              c:/program files/systemworkbench/plugins/fr.ac6.mcu.externaltools.arm-none.win32_1.15.0.201708311556/tools/compiler/bin/../lib/gcc/arm-none-eabi/6.3.1/../../../../arm-none-eabi/lib/thumb/v6-m/crt0.o (memset)

Allocating common symbols
Common symbol       size              file

uwTick              0x4               Drivers/STM32F0xx_HAL_Driver/stm32f0xx_hal.o
pFlash              0x20              Drivers/STM32F0xx_HAL_Driver/stm32f0xx_hal_flash.o
htim3               0x40              Application/User/main.o
hdma_usart1_rx      0x44              Application/User/main.o
huart1              0x70              Application/User/main.o
Led7_Display_Buffer
                    0x4               DeviceDriver/LED7/LED7.o
LED7_Desc_cs        0x24              DeviceDriver/LED7/LED7.o
htim1               0x40              Application/User/main.o
RingBuffer_Uart_Rx  0xc               HWE/Uart/Uart.o
hspi1               0x64              Application/User/main.o
Uart_Buffer_Rx      0x80              HWE/Uart/Uart.o
Uart_Buffer_Tx      0x80              HWE/Uart/Uart.o
hadc                0x4c              Application/User/main.o

Discarded input sections

 .text          0x00000000        0x0 c:/program files/systemworkbench/plugins/fr.ac6.mcu.externaltools.arm-none.win32_1.15.0.201708311556/tools/compiler/bin/../lib/gcc/arm-none-eabi/6.3.1/thumb/v6-m/crti.o
 .data          0x00000000        0x0 c:/program files/systemworkbench/plugins/fr.ac6.mcu.externaltools.arm-none.win32_1.15.0.201708311556/tools/compiler/bin/../lib/gcc/arm-none-eabi/6.3.1/thumb/v6-m/crti.o
 .bss           0x00000000        0x0 c:/program files/systemworkbench/plugins/fr.ac6.mcu.externaltools.arm-none.win32_1.15.0.201708311556/tools/compiler/bin/../lib/gcc/arm-none-eabi/6.3.1/thumb/v6-m/crti.o
 .data          0x00000000        0x4 c:/program files/systemworkbench/plugins/fr.ac6.mcu.externaltools.arm-none.win32_1.15.0.201708311556/tools/compiler/bin/../lib/gcc/arm-none-eabi/6.3.1/thumb/v6-m/crtbegin.o
[...]
Memory Configuration

Name             Origin             Length             Attributes
RAM              0x20000000         0x00001000         xrw
FLASH            0x08000000         0x00004000         xr
*default*        0x00000000         0xffffffff

Linker script and memory map

LOAD c:/program files/systemworkbench/plugins/fr.ac6.mcu.externaltools.arm-none.win32_1.15.0.201708311556/tools/compiler/bin/../lib/gcc/arm-none-eabi/6.3.1/thumb/v6-m/crti.o
LOAD c:/program files/systemworkbench/plugins/fr.ac6.mcu.externaltools.arm-none.win32_1.15.0.201708311556/tools/compiler/bin/../lib/gcc/arm-none-eabi/6.3.1/thumb/v6-m/crtbegin.o
LOAD c:/program files/systemworkbench/plugins/fr.ac6.mcu.externaltools.arm-none.win32_1.15.0.201708311556/tools/compiler/bin/../lib/gcc/arm-none-eabi/6.3.1/../../../../arm-none-eabi/lib/thumb/v6-m/crt0.o
LOAD Application/SW4STM32/startup_stm32f030x6.o
LOAD Application/SW4STM32/syscalls.o
LOAD Application/User/OS_Sched/OS_Schedule.o
LOAD Application/User/main.o
LOAD Application/User/stm32f0xx_hal_msp.o
LOAD Application/User/stm32f0xx_it.o
LOAD DeviceDriver/Button/Btn_Mode/Btn_Mode.o
LOAD DeviceDriver/Button/Btn_Start/Btn_Start.o
LOAD DeviceDriver/Buzzer/Buzzer.o
LOAD DeviceDriver/LED/LED.o
LOAD DeviceDriver/LED7/LED7.o
LOAD DeviceDriver/LED7/LED7_Display.o
LOAD Drivers/CMSIS/system_stm32f0xx.o
LOAD Drivers/STM32F0xx_HAL_Driver/stm32f0xx_hal.o
LOAD Drivers/STM32F0xx_HAL_Driver/stm32f0xx_hal_adc.o
LOAD Drivers/STM32F0xx_HAL_Driver/stm32f0xx_hal_adc_ex.o
LOAD Drivers/STM32F0xx_HAL_Driver/stm32f0xx_hal_cortex.o
LOAD Drivers/STM32F0xx_HAL_Driver/stm32f0xx_hal_dma.o
LOAD Drivers/STM32F0xx_HAL_Driver/stm32f0xx_hal_flash.o
LOAD Drivers/STM32F0xx_HAL_Driver/stm32f0xx_hal_flash_ex.o
LOAD Drivers/STM32F0xx_HAL_Driver/stm32f0xx_hal_gpio.o
LOAD Drivers/STM32F0xx_HAL_Driver/stm32f0xx_hal_i2c.o
LOAD Drivers/STM32F0xx_HAL_Driver/stm32f0xx_hal_i2c_ex.o
LOAD Drivers/STM32F0xx_HAL_Driver/stm32f0xx_hal_pwr.o
LOAD Drivers/STM32F0xx_HAL_Driver/stm32f0xx_hal_pwr_ex.o
LOAD Drivers/STM32F0xx_HAL_Driver/stm32f0xx_hal_rcc.o
LOAD Drivers/STM32F0xx_HAL_Driver/stm32f0xx_hal_rcc_ex.o
LOAD Drivers/STM32F0xx_HAL_Driver/stm32f0xx_hal_spi.o
LOAD Drivers/STM32F0xx_HAL_Driver/stm32f0xx_hal_spi_ex.o
LOAD Drivers/STM32F0xx_HAL_Driver/stm32f0xx_hal_tim.o
LOAD Drivers/STM32F0xx_HAL_Driver/stm32f0xx_hal_tim_ex.o
LOAD Drivers/STM32F0xx_HAL_Driver/stm32f0xx_hal_uart.o
LOAD Drivers/STM32F0xx_HAL_Driver/stm32f0xx_hal_uart_ex.o
LOAD HWE/DIO/DIO.o
LOAD HWE/TM1637/TM1637.o
LOAD HWE/Timer/SysTick/Timer_SysTick.o
LOAD HWE/Uart/Uart.o
LOAD HWE/Uart/Uart_Error.o
LOAD Srv/Srv_Delay/Srv_Delay.o
LOAD Srv/Srv_RingBuf/Srv_RingBuf.o
LOAD Srv/Srv_VirTimer/Srv_VirTimer.o
LOAD c:/program files/systemworkbench/plugins/fr.ac6.mcu.externaltools.arm-none.win32_1.15.0.201708311556/tools/compiler/bin/../lib/gcc/arm-none-eabi/6.3.1/../../../../arm-none-eabi/lib/thumb/v6-m\libm.a
START GROUP
LOAD c:/program files/systemworkbench/plugins/fr.ac6.mcu.externaltools.arm-none.win32_1.15.0.201708311556/tools/compiler/bin/../lib/gcc/arm-none-eabi/6.3.1/thumb/v6-m\libgcc.a
LOAD c:/program files/systemworkbench/plugins/fr.ac6.mcu.externaltools.arm-none.win32_1.15.0.201708311556/tools/compiler/bin/../lib/gcc/arm-none-eabi/6.3.1/../../../../arm-none-eabi/lib/thumb/v6-m\libc_nano.a
END GROUP
START GROUP
LOAD c:/program files/systemworkbench/plugins/fr.ac6.mcu.externaltools.arm-none.win32_1.15.0.201708311556/tools/compiler/bin/../lib/gcc/arm-none-eabi/6.3.1/thumb/v6-m\libgcc.a
LOAD c:/program files/systemworkbench/plugins/fr.ac6.mcu.externaltools.arm-none.win32_1.15.0.201708311556/tools/compiler/bin/../lib/gcc/arm-none-eabi/6.3.1/../../../../arm-none-eabi/lib/thumb/v6-m\libc_nano.a
LOAD c:/program files/systemworkbench/plugins/fr.ac6.mcu.externaltools.arm-none.win32_1.15.0.201708311556/tools/compiler/bin/../lib/gcc/arm-none-eabi/6.3.1/../../../../arm-none-eabi/lib/thumb/v6-m\libnosys.a
END GROUP
START GROUP
LOAD c:/program files/systemworkbench/plugins/fr.ac6.mcu.externaltools.arm-none.win32_1.15.0.201708311556/tools/compiler/bin/../lib/gcc/arm-none-eabi/6.3.1/thumb/v6-m\libgcc.a
LOAD c:/program files/systemworkbench/plugins/fr.ac6.mcu.externaltools.arm-none.win32_1.15.0.201708311556/tools/compiler/bin/../lib/gcc/arm-none-eabi/6.3.1/../../../../arm-none-eabi/lib/thumb/v6-m\libc_nano.a
LOAD c:/program files/systemworkbench/plugins/fr.ac6.mcu.externaltools.arm-none.win32_1.15.0.201708311556/tools/compiler/bin/../lib/gcc/arm-none-eabi/6.3.1/../../../../arm-none-eabi/lib/thumb/v6-m\libnosys.a
END GROUP
LOAD c:/program files/systemworkbench/plugins/fr.ac6.mcu.externaltools.arm-none.win32_1.15.0.201708311556/tools/compiler/bin/../lib/gcc/arm-none-eabi/6.3.1/thumb/v6-m/crtend.o
LOAD c:/program files/systemworkbench/plugins/fr.ac6.mcu.externaltools.arm-none.win32_1.15.0.201708311556/tools/compiler/bin/../lib/gcc/arm-none-eabi/6.3.1/thumb/v6-m/crtn.o
                0x20001000                _estack = 0x20001000
                0x00000200                _Min_Heap_Size = 0x200
                0x00000400                _Min_Stack_Size = 0x400

.isr_vector     0x08000000       0xc0
                0x08000000                . = ALIGN (0x4)
 *(.isr_vector)
 .isr_vector    0x08000000       0xc0 Application/SW4STM32/startup_stm32f030x6.o
                0x08000000                g_pfnVectors
                0x080000c0                . = ALIGN (0x4)

.text           0x080000c0     0x2434
                0x080000c0                . = ALIGN (0x4)
 *(.text)
 .text          0x080000c0       0x60 c:/program files/systemworkbench/plugins/fr.ac6.mcu.externaltools.arm-none.win32_1.15.0.201708311556/tools/compiler/bin/../lib/gcc/arm-none-eabi/6.3.1/thumb/v6-m/crtbegin.o
 .text          0x08000120      0x114 c:/program files/systemworkbench/plugins/fr.ac6.mcu.externaltools.arm-none.win32_1.15.0.201708311556/tools/compiler/bin/../lib/gcc/arm-none-eabi/6.3.1/thumb/v6-m\libgcc.a(_udivsi3.o)
                0x08000120                __aeabi_uidiv
                0x08000120                __udivsi3
                0x0800022c                __aeabi_uidivmod
 .text          0x08000234        0x4 c:/program files/systemworkbench/plugins/fr.ac6.mcu.externaltools.arm-none.win32_1.15.0.201708311556/tools/compiler/bin/../lib/gcc/arm-none-eabi/6.3.1/thumb/v6-m\libgcc.a(_dvmd_tls.o)
                0x08000234                __aeabi_idiv0
                0x08000234                __aeabi_ldiv0
 *(.text*)
 .text.Reset_Handler
                0x08000238       0x50 Application/SW4STM32/startup_stm32f030x6.o
                0x08000238                Reset_Handler
 .text.Default_Handler
                0x08000288        0x2 Application/SW4STM32/startup_stm32f030x6.o
                0x08000288                I2C1_IRQHandler
                0x08000288                SPI1_IRQHandler
                0x08000288                EXTI2_3_IRQHandler
                0x08000288                ADC1_IRQHandler
                0x08000288                TIM17_IRQHandler
                0x08000288                RTC_IRQHandler
                0x08000288                TIM16_IRQHandler
                0x08000288                TIM3_IRQHandler
                0x08000288                EXTI4_15_IRQHandler
                0x08000288                RCC_IRQHandler
                0x08000288                DMA1_Channel1_IRQHandler
                0x08000288                Default_Handler
                0x08000288                TIM14_IRQHandler
                0x08000288                DMA1_Channel4_5_IRQHandler
                0x08000288                EXTI0_1_IRQHandler
                0x08000288                WWDG_IRQHandler
                0x08000288                FLASH_IRQHandler
                0x08000288                TIM1_BRK_UP_TRG_COM_IRQHandler
 *fill*         0x0800028a        0x2 
 .text.OS_Sched_Proc_Ini
                0x0800028c       0x10 Application/User/OS_Sched/OS_Schedule.o
                0x0800028c                OS_Sched_Proc_Ini
 .text.OS_Sched_Proc_10ms
                0x0800029c       0x14 Application/User/OS_Sched/OS_Schedule.o
                0x0800029c                OS_Sched_Proc_10ms
 .text.OS_Sched_Proc_100ms
                0x080002b0       0x20 Application/User/OS_Sched/OS_Schedule.o
                0x080002b0                OS_Sched_Proc_100ms
 .text.OS_Sched_Tick_Increase
                0x080002d0       0x14 Application/User/OS_Sched/OS_Schedule.o
                0x080002d0                OS_Sched_Tick_Increase
 .text.MX_GPIO_Init
                0x080002e4       0xb8 Application/User/main.o
 .text.MX_DMA_Init
                0x0800039c       0x30 Application/User/main.o
 .text.MX_SPI1_Init
                0x080003cc       0x44 Application/User/main.o
 .text.MX_TIM1_Init
                0x08000410       0x58 Application/User/main.o
 .text.MX_TIM3_Init
                0x08000468       0x60 Application/User/main.o
 .text.MX_USART1_UART_Init
                0x080004c8       0x30 Application/User/main.o
 .text.SystemClock_Config
                0x080004f8       0x64 Application/User/main.o
                0x080004f8                SystemClock_Config
 .text.main     0x0800055c       0x44 Application/User/main.o
                0x0800055c                main
 .text.Error_Handler
                0x080005a0        0x2 Application/User/main.o
                0x080005a0                Error_Handler
 *fill*         0x080005a2        0x2 
 .text.HAL_MspInit
                0x080005a4       0x30 Application/User/stm32f0xx_hal_msp.o
                0x080005a4                HAL_MspInit
 .text.HAL_SPI_MspInit
                0x080005d4       0x64 Application/User/stm32f0xx_hal_msp.o
                0x080005d4                HAL_SPI_MspInit
 .text.HAL_TIM_Base_MspInit
                0x08000638       0x5c Application/User/stm32f0xx_hal_msp.o
                0x08000638                HAL_TIM_Base_MspInit
 .text.HAL_UART_MspInit
                0x08000694       0xb0 Application/User/stm32f0xx_hal_msp.o
                0x08000694                HAL_UART_MspInit
 .text.NMI_Handler
                0x08000744        0x2 Application/User/stm32f0xx_it.o
                0x08000744                NMI_Handler
 .text.HardFault_Handler
                0x08000746        0x2 Application/User/stm32f0xx_it.o
                0x08000746                HardFault_Handler
 .text.SVC_Handler
                0x08000748        0x2 Application/User/stm32f0xx_it.o
                0x08000748                SVC_Handler
 .text.PendSV_Handler
                0x0800074a        0x2 Application/User/stm32f0xx_it.o
                0x0800074a                PendSV_Handler
 .text.SysTick_Handler
                0x0800074c        0xc Application/User/stm32f0xx_it.o
                0x0800074c                SysTick_Handler
 .text.DMA1_Channel2_3_IRQHandler
                0x08000758       0x10 Application/User/stm32f0xx_it.o
                0x08000758                DMA1_Channel2_3_IRQHandler
 .text.TIM1_CC_IRQHandler
                0x08000768       0x10 Application/User/stm32f0xx_it.o
                0x08000768                TIM1_CC_IRQHandler
 .text.USART1_IRQHandler
                0x08000778       0x10 Application/User/stm32f0xx_it.o
                0x08000778                USART1_IRQHandler
 .text.LED7_PrintNumber
                0x08000788       0x6a DeviceDriver/LED7/LED7.o
                0x08000788                LED7_PrintNumber
 *fill*         0x080007f2        0x2 
 .text.LED7_Display
                0x080007f4       0x10 DeviceDriver/LED7/LED7.o
                0x080007f4                LED7_Display
 .text.LED7_Proc_Ini
                0x08000804       0x40 DeviceDriver/LED7/LED7.o
                0x08000804                LED7_Proc_Ini
 .text.SystemInit
                0x08000844       0x60 Drivers/CMSIS/system_stm32f0xx.o
                0x08000844                SystemInit
 .text.HAL_InitTick
                0x080008a4       0x24 Drivers/STM32F0xx_HAL_Driver/stm32f0xx_hal.o
                0x080008a4                HAL_InitTick
 .text.HAL_Init
                0x080008c8       0x20 Drivers/STM32F0xx_HAL_Driver/stm32f0xx_hal.o
                0x080008c8                HAL_Init
 .text.HAL_IncTick
                0x080008e8       0x10 Drivers/STM32F0xx_HAL_Driver/stm32f0xx_hal.o
                0x080008e8                HAL_IncTick
 .text.HAL_GetTick
                0x080008f8        0xc Drivers/STM32F0xx_HAL_Driver/stm32f0xx_hal.o
                0x080008f8                HAL_GetTick
 .text.HAL_NVIC_SetPriority
                0x08000904       0x64 Drivers/STM32F0xx_HAL_Driver/stm32f0xx_hal_cortex.o
                0x08000904                HAL_NVIC_SetPriority
 .text.HAL_NVIC_EnableIRQ
                0x08000968       0x14 Drivers/STM32F0xx_HAL_Driver/stm32f0xx_hal_cortex.o
                0x08000968                HAL_NVIC_EnableIRQ
 .text.HAL_SYSTICK_Config
                0x0800097c       0x38 Drivers/STM32F0xx_HAL_Driver/stm32f0xx_hal_cortex.o
                0x0800097c                HAL_SYSTICK_Config
 .text.DMA_SetConfig
                0x080009b4       0x2a Drivers/STM32F0xx_HAL_Driver/stm32f0xx_hal_dma.o
 *fill*         0x080009de        0x2 
 .text.DMA_CalcBaseAndBitshift
                0x080009e0       0x28 Drivers/STM32F0xx_HAL_Driver/stm32f0xx_hal_dma.o
 .text.HAL_DMA_Init
                0x08000a08       0x58 Drivers/STM32F0xx_HAL_Driver/stm32f0xx_hal_dma.o
                0x08000a08                HAL_DMA_Init
 .text.HAL_DMA_Start_IT
                0x08000a60       0x76 Drivers/STM32F0xx_HAL_Driver/stm32f0xx_hal_dma.o
                0x08000a60                HAL_DMA_Start_IT
 .text.HAL_DMA_Abort_IT
                0x08000ad6       0x4a Drivers/STM32F0xx_HAL_Driver/stm32f0xx_hal_dma.o
                0x08000ad6                HAL_DMA_Abort_IT
 .text.HAL_DMA_IRQHandler
                0x08000b20       0xaa Drivers/STM32F0xx_HAL_Driver/stm32f0xx_hal_dma.o
                0x08000b20                HAL_DMA_IRQHandler
 *fill*         0x08000bca        0x2 
 .text.HAL_GPIO_Init
                0x08000bcc      0x18c Drivers/STM32F0xx_HAL_Driver/stm32f0xx_hal_gpio.o
                0x08000bcc                HAL_GPIO_Init
 .text.HAL_GPIO_WritePin
                0x08000d58        0xc Drivers/STM32F0xx_HAL_Driver/stm32f0xx_hal_gpio.o
                0x08000d58                HAL_GPIO_WritePin
 .text.HAL_RCC_OscConfig
                0x08000d64      0x44c Drivers/STM32F0xx_HAL_Driver/stm32f0xx_hal_rcc.o
                0x08000d64                HAL_RCC_OscConfig
 .text.HAL_RCC_GetSysClockFreq
                0x080011b0       0x6c Drivers/STM32F0xx_HAL_Driver/stm32f0xx_hal_rcc.o
                0x080011b0                HAL_RCC_GetSysClockFreq
 .text.HAL_RCC_ClockConfig
                0x0800121c      0x154 Drivers/STM32F0xx_HAL_Driver/stm32f0xx_hal_rcc.o
                0x0800121c                HAL_RCC_ClockConfig
 .text.HAL_RCC_GetHCLKFreq
                0x08001370        0xc Drivers/STM32F0xx_HAL_Driver/stm32f0xx_hal_rcc.o
                0x08001370                HAL_RCC_GetHCLKFreq
 .text.HAL_RCC_GetPCLK1Freq
                0x0800137c       0x20 Drivers/STM32F0xx_HAL_Driver/stm32f0xx_hal_rcc.o
                0x0800137c                HAL_RCC_GetPCLK1Freq
 .text.HAL_RCCEx_PeriphCLKConfig
                0x0800139c      0x118 Drivers/STM32F0xx_HAL_Driver/stm32f0xx_hal_rcc_ex.o
                0x0800139c                HAL_RCCEx_PeriphCLKConfig
 .text.HAL_SPI_Init
                0x080014b4       0xcc Drivers/STM32F0xx_HAL_Driver/stm32f0xx_hal_spi.o
                0x080014b4                HAL_SPI_Init
 .text.TIM_TI1_ConfigInputStage
                0x08001580       0x22 Drivers/STM32F0xx_HAL_Driver/stm32f0xx_hal_tim.o
 *fill*         0x080015a2        0x2 
 .text.TIM_TI2_ConfigInputStage
                0x080015a4       0x28 Drivers/STM32F0xx_HAL_Driver/stm32f0xx_hal_tim.o
 .text.TIM_ITRx_SetConfig
                0x080015cc       0x12 Drivers/STM32F0xx_HAL_Driver/stm32f0xx_hal_tim.o
 .text.HAL_TIM_Base_Start
                0x080015de       0x18 Drivers/STM32F0xx_HAL_Driver/stm32f0xx_hal_tim.o
                0x080015de                HAL_TIM_Base_Start
 *fill*         0x080015f6        0x2 
 .text.HAL_TIM_Base_Stop
                0x080015f8       0x34 Drivers/STM32F0xx_HAL_Driver/stm32f0xx_hal_tim.o
                0x080015f8                HAL_TIM_Base_Stop
 .text.HAL_TIM_PeriodElapsedCallback
                0x0800162c        0x2 Drivers/STM32F0xx_HAL_Driver/stm32f0xx_hal_tim.o
                0x0800162c                HAL_TIM_PeriodElapsedCallback
 .text.HAL_TIM_OC_DelayElapsedCallback
                0x0800162e        0x2 Drivers/STM32F0xx_HAL_Driver/stm32f0xx_hal_tim.o
                0x0800162e                HAL_TIM_OC_DelayElapsedCallback
 .text.HAL_TIM_IC_CaptureCallback
                0x08001630        0x2 Drivers/STM32F0xx_HAL_Driver/stm32f0xx_hal_tim.o
                0x08001630                HAL_TIM_IC_CaptureCallback
 .text.HAL_TIM_PWM_PulseFinishedCallback
                0x08001632        0x2 Drivers/STM32F0xx_HAL_Driver/stm32f0xx_hal_tim.o
                0x08001632                HAL_TIM_PWM_PulseFinishedCallback
 .text.HAL_TIM_TriggerCallback
                0x08001634        0x2 Drivers/STM32F0xx_HAL_Driver/stm32f0xx_hal_tim.o
                0x08001634                HAL_TIM_TriggerCallback
 .text.HAL_TIM_IRQHandler
                0x08001636      0x15a Drivers/STM32F0xx_HAL_Driver/stm32f0xx_hal_tim.o
                0x08001636                HAL_TIM_IRQHandler
 .text.TIM_Base_SetConfig
                0x08001790       0x88 Drivers/STM32F0xx_HAL_Driver/stm32f0xx_hal_tim.o
                0x08001790                TIM_Base_SetConfig
 .text.HAL_TIM_Base_Init
                0x08001818       0x34 Drivers/STM32F0xx_HAL_Driver/stm32f0xx_hal_tim.o
                0x08001818                HAL_TIM_Base_Init
 .text.TIM_ETR_SetConfig
                0x0800184c       0x18 Drivers/STM32F0xx_HAL_Driver/stm32f0xx_hal_tim.o
                0x0800184c                TIM_ETR_SetConfig
 .text.HAL_TIM_ConfigClockSource
                0x08001864      0x118 Drivers/STM32F0xx_HAL_Driver/stm32f0xx_hal_tim.o
                0x08001864                HAL_TIM_ConfigClockSource
 .text.HAL_TIMEx_MasterConfigSynchronization
                0x0800197c       0x4c Drivers/STM32F0xx_HAL_Driver/stm32f0xx_hal_tim_ex.o
                0x0800197c                HAL_TIMEx_MasterConfigSynchronization
 .text.HAL_TIMEx_CommutationCallback
                0x080019c8        0x2 Drivers/STM32F0xx_HAL_Driver/stm32f0xx_hal_tim_ex.o
                0x080019c8                HAL_TIMEx_CommutationCallback
 .text.HAL_TIMEx_BreakCallback
                0x080019ca        0x2 Drivers/STM32F0xx_HAL_Driver/stm32f0xx_hal_tim_ex.o
                0x080019ca                HAL_TIMEx_BreakCallback
 .text.UART_EndTxTransfer
                0x080019cc       0x12 Drivers/STM32F0xx_HAL_Driver/stm32f0xx_hal_uart.o
 *fill*         0x080019de        0x2 
 .text.UART_EndRxTransfer
                0x080019e0       0x24 Drivers/STM32F0xx_HAL_Driver/stm32f0xx_hal_uart.o
 .text.HAL_UART_Receive_DMA
                0x08001a04       0xb0 Drivers/STM32F0xx_HAL_Driver/stm32f0xx_hal_uart.o
                0x08001a04                HAL_UART_Receive_DMA
 .text.HAL_UART_TxCpltCallback
                0x08001ab4        0x2 Drivers/STM32F0xx_HAL_Driver/stm32f0xx_hal_uart.o
                0x08001ab4                HAL_UART_TxCpltCallback
 *fill*         0x08001ab6        0x2 
 .text.UART_DMAReceiveCplt
                0x08001ab8       0x44 Drivers/STM32F0xx_HAL_Driver/stm32f0xx_hal_uart.o
 .text.HAL_UART_RxHalfCpltCallback
                0x08001afc        0x2 Drivers/STM32F0xx_HAL_Driver/stm32f0xx_hal_uart.o
                0x08001afc                HAL_UART_RxHalfCpltCallback
 .text.UART_DMARxHalfCplt
                0x08001afe        0xa Drivers/STM32F0xx_HAL_Driver/stm32f0xx_hal_uart.o
 .text.HAL_UART_ErrorCallback
                0x08001b08        0x2 Drivers/STM32F0xx_HAL_Driver/stm32f0xx_hal_uart.o
                0x08001b08                HAL_UART_ErrorCallback
 .text.UART_DMAError
                0x08001b0a       0x50 Drivers/STM32F0xx_HAL_Driver/stm32f0xx_hal_uart.o
 .text.UART_DMAAbortOnError
                0x08001b5a       0x14 Drivers/STM32F0xx_HAL_Driver/stm32f0xx_hal_uart.o
 *fill*         0x08001b6e        0x2 
 .text.UART_SetConfig
                0x08001b70      0x19c Drivers/STM32F0xx_HAL_Driver/stm32f0xx_hal_uart.o
                0x08001b70                UART_SetConfig
 .text.UART_AdvFeatureConfig
                0x08001d0c       0xe0 Drivers/STM32F0xx_HAL_Driver/stm32f0xx_hal_uart.o
                0x08001d0c                UART_AdvFeatureConfig
 .text.UART_CheckIdleState
                0x08001dec       0x16 Drivers/STM32F0xx_HAL_Driver/stm32f0xx_hal_uart.o
                0x08001dec                UART_CheckIdleState
 *fill*         0x08001e02        0x2 
 .text.HAL_UART_Init
                0x08001e04       0x70 Drivers/STM32F0xx_HAL_Driver/stm32f0xx_hal_uart.o
                0x08001e04                HAL_UART_Init
 .text.UART_WaitOnFlagUntilTimeout
                0x08001e74       0x6c Drivers/STM32F0xx_HAL_Driver/stm32f0xx_hal_uart.o
                0x08001e74                UART_WaitOnFlagUntilTimeout
 .text.HAL_UART_Transmit
                0x08001ee0       0xe2 Drivers/STM32F0xx_HAL_Driver/stm32f0xx_hal_uart.o
                0x08001ee0                HAL_UART_Transmit
 .text.UART_Transmit_IT
                0x08001fc2       0x6c Drivers/STM32F0xx_HAL_Driver/stm32f0xx_hal_uart.o
                0x08001fc2                UART_Transmit_IT
 .text.UART_EndTransmit_IT
                0x0800202e       0x1a Drivers/STM32F0xx_HAL_Driver/stm32f0xx_hal_uart.o
                0x0800202e                UART_EndTransmit_IT
 .text.UART_Receive_IT
                0x08002048       0x88 Drivers/STM32F0xx_HAL_Driver/stm32f0xx_hal_uart.o
                0x08002048                UART_Receive_IT
 .text.HAL_UART_IRQHandler
                0x080020d0      0x124 Drivers/STM32F0xx_HAL_Driver/stm32f0xx_hal_uart.o
                0x080020d0                HAL_UART_IRQHandler
 .text.TM1637_BitDelay
                0x080021f4        0xa HWE/TM1637/TM1637.o
                0x080021f4                TM1637_BitDelay
 .text.TM16377_Start
                0x080021fe       0x28 HWE/TM1637/TM1637.o
                0x080021fe                TM16377_Start
 .text.TM1637_Stop
                0x08002226       0x40 HWE/TM1637/TM1637.o
                0x08002226                TM1637_Stop
 .text.TM1637_WriteByte
                0x08002266       0x72 HWE/TM1637/TM1637.o
                0x08002266                TM1637_WriteByte
 .text.TM1637_Display
                0x080022d8       0x6a HWE/TM1637/TM1637.o
                0x080022d8                TM1637_Display
 .text.TM1637_Ini
                0x08002342       0x52 HWE/TM1637/TM1637.o
                0x08002342                TM1637_Ini
 .text.Uart_Proc_Ini
                0x08002394       0x28 HWE/Uart/Uart.o
                0x08002394                Uart_Proc_Ini
 .text.HAL_UART_RxCpltCallback
                0x080023bc       0x24 HWE/Uart/Uart.o
                0x080023bc                HAL_UART_RxCpltCallback
 .text.Uart_SendString
                0x080023e0       0x18 HWE/Uart/Uart.o
                0x080023e0                Uart_SendString
 .text.Srv_DelayUs
                0x080023f8       0x30 Srv/Srv_Delay/Srv_Delay.o
                0x080023f8                Srv_DelayUs
 .text.Srv_RingBuf_Ini
                0x08002428        0xe Srv/Srv_RingBuf/Srv_RingBuf.o
                0x08002428                Srv_RingBuf_Ini
 .text.Srv_RingBuf_Push
                0x08002436       0x4c Srv/Srv_RingBuf/Srv_RingBuf.o
                0x08002436                Srv_RingBuf_Push
 *fill*         0x08002482        0x2 
 .text.__libc_init_array
                0x08002484       0x48 c:/program files/systemworkbench/plugins/fr.ac6.mcu.externaltools.arm-none.win32_1.15.0.201708311556/tools/compiler/bin/../lib/gcc/arm-none-eabi/6.3.1/../../../../arm-none-eabi/lib/thumb/v6-m\libc_nano.a(lib_a-init.o)
                0x08002484                __libc_init_array
 .text.memset   0x080024cc       0x10 c:/program files/systemworkbench/plugins/fr.ac6.mcu.externaltools.arm-none.win32_1.15.0.201708311556/tools/compiler/bin/../lib/gcc/arm-none-eabi/6.3.1/../../../../arm-none-eabi/lib/thumb/v6-m\libc_nano.a(lib_a-memset.o)
                0x080024cc                memset
 *(.glue_7)
 .glue_7        0x080024dc        0x0 linker stubs
 *(.glue_7t)
 .glue_7t       0x080024dc        0x0 linker stubs
 *(.eh_frame)
 .eh_frame      0x080024dc        0x0 c:/program files/systemworkbench/plugins/fr.ac6.mcu.externaltools.arm-none.win32_1.15.0.201708311556/tools/compiler/bin/../lib/gcc/arm-none-eabi/6.3.1/thumb/v6-m/crtbegin.o
 *(.init)
 .init          0x080024dc        0x4 c:/program files/systemworkbench/plugins/fr.ac6.mcu.externaltools.arm-none.win32_1.15.0.201708311556/tools/compiler/bin/../lib/gcc/arm-none-eabi/6.3.1/thumb/v6-m/crti.o
                0x080024dc                _init
 .init          0x080024e0        0x8 c:/program files/systemworkbench/plugins/fr.ac6.mcu.externaltools.arm-none.win32_1.15.0.201708311556/tools/compiler/bin/../lib/gcc/arm-none-eabi/6.3.1/thumb/v6-m/crtn.o
 *(.fini)
 .fini          0x080024e8        0x4 c:/program files/systemworkbench/plugins/fr.ac6.mcu.externaltools.arm-none.win32_1.15.0.201708311556/tools/compiler/bin/../lib/gcc/arm-none-eabi/6.3.1/thumb/v6-m/crti.o
                0x080024e8                _fini
 .fini          0x080024ec        0x8 c:/program files/systemworkbench/plugins/fr.ac6.mcu.externaltools.arm-none.win32_1.15.0.201708311556/tools/compiler/bin/../lib/gcc/arm-none-eabi/6.3.1/thumb/v6-m/crtn.o
                0x080024f4                . = ALIGN (0x4)
                0x080024f4                _etext = .

.vfp11_veneer   0x080024f4        0x0
 .vfp11_veneer  0x080024f4        0x0 linker stubs

.v4_bx          0x080024f4        0x0
 .v4_bx         0x080024f4        0x0 linker stubs

.iplt           0x080024f4        0x0
 .iplt          0x080024f4        0x0 c:/program files/systemworkbench/plugins/fr.ac6.mcu.externaltools.arm-none.win32_1.15.0.201708311556/tools/compiler/bin/../lib/gcc/arm-none-eabi/6.3.1/thumb/v6-m/crtbegin.o

.rodata         0x080024f4       0x44
                0x080024f4                . = ALIGN (0x4)
 *(.rodata)
 .rodata        0x080024f4       0x18 Drivers/CMSIS/system_stm32f0xx.o
                0x080024f4                AHBPrescTable
                0x08002504                APBPrescTable
 .rodata        0x0800250c       0x20 Drivers/STM32F0xx_HAL_Driver/stm32f0xx_hal_rcc.o
 *(.rodata*)
 .rodata.str1.4
                0x0800252c        0xc Application/User/main.o
                                  0xa (size before relaxing)
                0x08002538                . = ALIGN (0x4)

.rel.dyn        0x08002538        0x0
 .rel.iplt      0x08002538        0x0 c:/program files/systemworkbench/plugins/fr.ac6.mcu.externaltools.arm-none.win32_1.15.0.201708311556/tools/compiler/bin/../lib/gcc/arm-none-eabi/6.3.1/thumb/v6-m/crtbegin.o

.ARM.extab
 *(.ARM.extab* .gnu.linkonce.armextab.*)

.ARM            0x08002538        0x0
                0x08002538                __exidx_start = .
 *(.ARM.exidx*)
                0x08002538                __exidx_end = .

.preinit_array  0x08002538        0x0
                0x08002538                PROVIDE (__preinit_array_start, .)
 *(.preinit_array*)
                0x08002538                PROVIDE (__preinit_array_end, .)

.init_array     0x08002538        0x4
                0x08002538                PROVIDE (__init_array_start, .)
 *(SORT(.init_array.*))
 *(.init_array*)
 .init_array    0x08002538        0x4 c:/program files/systemworkbench/plugins/fr.ac6.mcu.externaltools.arm-none.win32_1.15.0.201708311556/tools/compiler/bin/../lib/gcc/arm-none-eabi/6.3.1/thumb/v6-m/crtbegin.o
                0x0800253c                PROVIDE (__init_array_end, .)

.fini_array     0x0800253c        0x4
                [!provide]                PROVIDE (__fini_array_start, .)
 *(SORT(.fini_array.*))
 *(.fini_array*)
 .fini_array    0x0800253c        0x4 c:/program files/systemworkbench/plugins/fr.ac6.mcu.externaltools.arm-none.win32_1.15.0.201708311556/tools/compiler/bin/../lib/gcc/arm-none-eabi/6.3.1/thumb/v6-m/crtbegin.o
                [!provide]                PROVIDE (__fini_array_end, .)
                0x08002540                _sidata = LOADADDR (.data)

.data           0x20000000       0x18 load address 0x08002540
                0x20000000                . = ALIGN (0x4)
                0x20000000                _sdata = .
 *(.data)
 .data          0x20000000       0x11 DeviceDriver/LED7/LED7.o
                0x20000000                NumberToSegmentMap
 *fill*         0x20000011        0x3 
 .data          0x20000014        0x4 Drivers/CMSIS/system_stm32f0xx.o
                0x20000014                SystemCoreClock
 *(.data*)
                0x20000018                . = ALIGN (0x4)
                0x20000018                _edata = .

.jcr            0x20000018        0x0 load address 0x08002558
 .jcr           0x20000018        0x0 c:/program files/systemworkbench/plugins/fr.ac6.mcu.externaltools.arm-none.win32_1.15.0.201708311556/tools/compiler/bin/../lib/gcc/arm-none-eabi/6.3.1/thumb/v6-m/crtbegin.o

.igot.plt       0x20000018        0x0 load address 0x08002558
 .igot.plt      0x20000018        0x0 c:/program files/systemworkbench/plugins/fr.ac6.mcu.externaltools.arm-none.win32_1.15.0.201708311556/tools/compiler/bin/../lib/gcc/arm-none-eabi/6.3.1/thumb/v6-m/crtbegin.o
                0x20000018                . = ALIGN (0x4)

.bss            0x20000018      0x33c load address 0x08002558
                0x20000018                _sbss = .
                0x20000018                __bss_start__ = _sbss
 *(.bss)
 .bss           0x20000018       0x1c c:/program files/systemworkbench/plugins/fr.ac6.mcu.externaltools.arm-none.win32_1.15.0.201708311556/tools/compiler/bin/../lib/gcc/arm-none-eabi/6.3.1/thumb/v6-m/crtbegin.o
 .bss           0x20000034        0x2 Application/User/OS_Sched/OS_Schedule.o
                0x20000034                OS_Sched_Tick_10ms
                0x20000035                OS_Sched_Tick_100ms
 .bss           0x20000036        0x2 HWE/Uart/Uart.o
                0x20000037                Uart1_Trans_Complete
 *(.bss*)
 *(COMMON)
 COMMON         0x20000038      0x1e4 Application/User/main.o
                0x20000038                htim3
                0x20000078                hdma_usart1_rx
                0x200000bc                huart1
                0x2000012c                htim1
                0x2000016c                hspi1
                0x200001d0                hadc
 COMMON         0x2000021c       0x28 DeviceDriver/LED7/LED7.o
                0x2000021c                Led7_Display_Buffer
                0x20000220                LED7_Desc_cs
 COMMON         0x20000244        0x4 Drivers/STM32F0xx_HAL_Driver/stm32f0xx_hal.o
                0x20000244                uwTick
 COMMON         0x20000248      0x10c HWE/Uart/Uart.o
                0x20000248                RingBuffer_Uart_Rx
                0x20000254                Uart_Buffer_Rx
                0x200002d4                Uart_Buffer_Tx
                0x20000354                . = ALIGN (0x4)
                0x20000354                _ebss = .
                0x20000354                __bss_end__ = _ebss

._user_heap_stack
                0x20000354      0x604 load address 0x08002558
                0x20000358                . = ALIGN (0x8)
 *fill*         0x20000354        0x4 
                0x20000358                PROVIDE (end, .)
                [!provide]                PROVIDE (_end, .)
                0x20000558                . = (. + _Min_Heap_Size)
 *fill*         0x20000358      0x200 
                0x20000958                . = (. + _Min_Stack_Size)
 *fill*         0x20000558      0x400 
                0x20000958                . = ALIGN (0x8)

/DISCARD/
 libc.a(*)
 libm.a(*)
 libgcc.a(*)

.ARM.attributes
                0x00000000       0x28
 *(.ARM.attributes)
 .ARM.attributes
                0x00000000       0x1e c:/program files/systemworkbench/plugins/fr.ac6.mcu.externaltools.arm-none.win32_1.15.0.201708311556/tools/compiler/bin/../lib/gcc/arm-none-eabi/6.3.1/thumb/v6-m/crti.o
 .ARM.attributes
                0x0000001e       0x2c c:/program files/systemworkbench/plugins/fr.ac6.mcu.externaltools.arm-none.win32_1.15.0.201708311556/tools/compiler/bin/../lib/gcc/arm-none-eabi/6.3.1/thumb/v6-m/crtbegin.o
 .ARM.attributes
                0x0000004a       0x21 Application/SW4STM32/startup_stm32f030x6.o
 .ARM.attributes
                0x0000006b       0x31 Application/User/OS_Sched/OS_Schedule.o
 .ARM.attributes
                0x0000009c       0x31 Application/User/main.o
 .ARM.attributes
                0x000000cd       0x31 Application/User/stm32f0xx_hal_msp.o
 .ARM.attributes
                0x000000fe       0x31 Application/User/stm32f0xx_it.o
 .ARM.attributes
                0x0000012f       0x31 DeviceDriver/LED7/LED7.o
 .ARM.attributes
                0x00000160       0x31 Drivers/CMSIS/system_stm32f0xx.o
 .ARM.attributes
                0x00000191       0x31 Drivers/STM32F0xx_HAL_Driver/stm32f0xx_hal.o
 .ARM.attributes
                0x000001c2       0x31 Drivers/STM32F0xx_HAL_Driver/stm32f0xx_hal_cortex.o
 .ARM.attributes
                0x000001f3       0x31 Drivers/STM32F0xx_HAL_Driver/stm32f0xx_hal_dma.o
 .ARM.attributes
                0x00000224       0x31 Drivers/STM32F0xx_HAL_Driver/stm32f0xx_hal_gpio.o
 .ARM.attributes
                0x00000255       0x31 Drivers/STM32F0xx_HAL_Driver/stm32f0xx_hal_rcc.o
 .ARM.attributes
                0x00000286       0x31 Drivers/STM32F0xx_HAL_Driver/stm32f0xx_hal_rcc_ex.o
 .ARM.attributes
                0x000002b7       0x31 Drivers/STM32F0xx_HAL_Driver/stm32f0xx_hal_spi.o
 .ARM.attributes
                0x000002e8       0x31 Drivers/STM32F0xx_HAL_Driver/stm32f0xx_hal_tim.o
 .ARM.attributes
                0x00000319       0x31 Drivers/STM32F0xx_HAL_Driver/stm32f0xx_hal_tim_ex.o
 .ARM.attributes
                0x0000034a       0x31 Drivers/STM32F0xx_HAL_Driver/stm32f0xx_hal_uart.o
 .ARM.attributes
                0x0000037b       0x31 HWE/TM1637/TM1637.o
 .ARM.attributes
                0x000003ac       0x31 HWE/Uart/Uart.o
 .ARM.attributes
                0x000003dd       0x31 Srv/Srv_Delay/Srv_Delay.o
 .ARM.attributes
                0x0000040e       0x31 Srv/Srv_RingBuf/Srv_RingBuf.o
 .ARM.attributes
                0x0000043f       0x1e c:/program files/systemworkbench/plugins/fr.ac6.mcu.externaltools.arm-none.win32_1.15.0.201708311556/tools/compiler/bin/../lib/gcc/arm-none-eabi/6.3.1/thumb/v6-m\libgcc.a(_udivsi3.o)
 .ARM.attributes
                0x0000045d       0x1e c:/program files/systemworkbench/plugins/fr.ac6.mcu.externaltools.arm-none.win32_1.15.0.201708311556/tools/compiler/bin/../lib/gcc/arm-none-eabi/6.3.1/thumb/v6-m\libgcc.a(_dvmd_tls.o)
 .ARM.attributes
                0x0000047b       0x2c c:/program files/systemworkbench/plugins/fr.ac6.mcu.externaltools.arm-none.win32_1.15.0.201708311556/tools/compiler/bin/../lib/gcc/arm-none-eabi/6.3.1/../../../../arm-none-eabi/lib/thumb/v6-m\libc_nano.a(lib_a-init.o)
 .ARM.attributes
                0x000004a7       0x2c c:/program files/systemworkbench/plugins/fr.ac6.mcu.externaltools.arm-none.win32_1.15.0.201708311556/tools/compiler/bin/../lib/gcc/arm-none-eabi/6.3.1/../../../../arm-none-eabi/lib/thumb/v6-m\libc_nano.a(lib_a-memset.o)
 .ARM.attributes
                0x000004d3       0x1e c:/program files/systemworkbench/plugins/fr.ac6.mcu.externaltools.arm-none.win32_1.15.0.201708311556/tools/compiler/bin/../lib/gcc/arm-none-eabi/6.3.1/thumb/v6-m/crtn.o
OUTPUT(BadmintonV2_Main.elf elf32-littlearm)

.debug_line     0x00000000     0xf1a0
 .debug_line    0x00000000       0xcd Application/SW4STM32/startup_stm32f030x6.o
 .debug_line    0x000000cd      0x8c5 Application/User/OS_Sched/OS_Schedule.o
 .debug_line    0x00000992      0xbe1 Application/User/main.o
 .debug_line    0x00001573      0x9b5 Application/User/stm32f0xx_hal_msp.o
 .debug_line    0x00001f28      0x9d7 Application/User/stm32f0xx_it.o
 .debug_line    0x000028ff      0x99f DeviceDriver/LED7/LED7.o
 .debug_line    0x0000329e      0x8eb Drivers/CMSIS/system_stm32f0xx.o
 .debug_line    0x00003b89      0xa32 Drivers/STM32F0xx_HAL_Driver/stm32f0xx_hal.o
 .debug_line    0x000045bb      0xa2b Drivers/STM32F0xx_HAL_Driver/stm32f0xx_hal_cortex.o
 .debug_line    0x00004fe6      0xb0a Drivers/STM32F0xx_HAL_Driver/stm32f0xx_hal_dma.o
 .debug_line    0x00005af0      0xa14 Drivers/STM32F0xx_HAL_Driver/stm32f0xx_hal_gpio.o
 .debug_line    0x00006504      0xb36 Drivers/STM32F0xx_HAL_Driver/stm32f0xx_hal_rcc.o
 .debug_line    0x0000703a      0x999 Drivers/STM32F0xx_HAL_Driver/stm32f0xx_hal_rcc_ex.o
 .debug_line    0x000079d3     0x140c Drivers/STM32F0xx_HAL_Driver/stm32f0xx_hal_spi.o
 .debug_line    0x00008ddf     0x1a4c Drivers/STM32F0xx_HAL_Driver/stm32f0xx_hal_tim.o
 .debug_line    0x0000a82b      0xe84 Drivers/STM32F0xx_HAL_Driver/stm32f0xx_hal_tim_ex.o
 .debug_line    0x0000b6af     0x126b Drivers/STM32F0xx_HAL_Driver/stm32f0xx_hal_uart.o
 .debug_line    0x0000c91a      0xc7c HWE/TM1637/TM1637.o
 .debug_line    0x0000d596      0x9e4 HWE/Uart/Uart.o
 .debug_line    0x0000df7a      0x8a4 Srv/Srv_Delay/Srv_Delay.o
 .debug_line    0x0000e81e      0x982 Srv/Srv_RingBuf/Srv_RingBuf.o

.debug_info     0x00000000    0x1a0d9
 .debug_info    0x00000000       0xfb Application/SW4STM32/startup_stm32f030x6.o
 .debug_info    0x000000fb      0x9bd Application/User/OS_Sched/OS_Schedule.o
 .debug_info    0x00000ab8     0x204b Application/User/main.o
 .debug_info    0x00002b03     0x1bf6 Application/User/stm32f0xx_hal_msp.o
 .debug_info    0x000046f9     0x11bf Application/User/stm32f0xx_it.o
 .debug_info    0x000058b8      0xbbe DeviceDriver/LED7/LED7.o
 .debug_info    0x00006476      0xa7b Drivers/CMSIS/system_stm32f0xx.o
 .debug_info    0x00006ef1      0xe43 Drivers/STM32F0xx_HAL_Driver/stm32f0xx_hal.o
 .debug_info    0x00007d34      0xfb9 Drivers/STM32F0xx_HAL_Driver/stm32f0xx_hal_cortex.o
 .debug_info    0x00008ced     0x1029 Drivers/STM32F0xx_HAL_Driver/stm32f0xx_hal_dma.o
 .debug_info    0x00009d16      0xe5e Drivers/STM32F0xx_HAL_Driver/stm32f0xx_hal_gpio.o
 .debug_info    0x0000ab74     0x113d Drivers/STM32F0xx_HAL_Driver/stm32f0xx_hal_rcc.o
 .debug_info    0x0000bcb1      0xc0a Drivers/STM32F0xx_HAL_Driver/stm32f0xx_hal_rcc_ex.o
 .debug_info    0x0000c8bb     0x2578 Drivers/STM32F0xx_HAL_Driver/stm32f0xx_hal_spi.o
 .debug_info    0x0000ee33     0x36e2 Drivers/STM32F0xx_HAL_Driver/stm32f0xx_hal_tim.o
 .debug_info    0x00012515     0x1a90 Drivers/STM32F0xx_HAL_Driver/stm32f0xx_hal_tim_ex.o
 .debug_info    0x00013fa5     0x1ff6 Drivers/STM32F0xx_HAL_Driver/stm32f0xx_hal_uart.o
 .debug_info    0x00015f9b     0x1649 HWE/TM1637/TM1637.o
 .debug_info    0x000175e4     0x1140 HWE/Uart/Uart.o
 .debug_info    0x00018724      0xe6c Srv/Srv_Delay/Srv_Delay.o
 .debug_info    0x00019590      0xb49 Srv/Srv_RingBuf/Srv_RingBuf.o

.debug_abbrev   0x00000000     0x34f9
 .debug_abbrev  0x00000000       0x12 Application/SW4STM32/startup_stm32f030x6.o
 .debug_abbrev  0x00000012      0x21a Application/User/OS_Sched/OS_Schedule.o
 .debug_abbrev  0x0000022c      0x313 Application/User/main.o
 .debug_abbrev  0x0000053f      0x2ba Application/User/stm32f0xx_hal_msp.o
 .debug_abbrev  0x000007f9      0x22e Application/User/stm32f0xx_it.o
 .debug_abbrev  0x00000a27      0x249 DeviceDriver/LED7/LED7.o
 .debug_abbrev  0x00000c70      0x205 Drivers/CMSIS/system_stm32f0xx.o
 .debug_abbrev  0x00000e75      0x2f4 Drivers/STM32F0xx_HAL_Driver/stm32f0xx_hal.o
 .debug_abbrev  0x00001169      0x326 Drivers/STM32F0xx_HAL_Driver/stm32f0xx_hal_cortex.o
 .debug_abbrev  0x0000148f      0x2ce Drivers/STM32F0xx_HAL_Driver/stm32f0xx_hal_dma.o
 .debug_abbrev  0x0000175d      0x2a5 Drivers/STM32F0xx_HAL_Driver/stm32f0xx_hal_gpio.o
 .debug_abbrev  0x00001a02      0x2e8 Drivers/STM32F0xx_HAL_Driver/stm32f0xx_hal_rcc.o
 .debug_abbrev  0x00001cea      0x2a3 Drivers/STM32F0xx_HAL_Driver/stm32f0xx_hal_rcc_ex.o
 .debug_abbrev  0x00001f8d      0x313 Drivers/STM32F0xx_HAL_Driver/stm32f0xx_hal_spi.o
 .debug_abbrev  0x000022a0      0x2dc Drivers/STM32F0xx_HAL_Driver/stm32f0xx_hal_tim.o
 .debug_abbrev  0x0000257c      0x2dc Drivers/STM32F0xx_HAL_Driver/stm32f0xx_hal_tim_ex.o
 .debug_abbrev  0x00002858      0x2c9 Drivers/STM32F0xx_HAL_Driver/stm32f0xx_hal_uart.o
 .debug_abbrev  0x00002b21      0x2c5 HWE/TM1637/TM1637.o
 .debug_abbrev  0x00002de6      0x292 HWE/Uart/Uart.o
 .debug_abbrev  0x00003078      0x258 Srv/Srv_Delay/Srv_Delay.o
 .debug_abbrev  0x000032d0      0x229 Srv/Srv_RingBuf/Srv_RingBuf.o

.debug_aranges  0x00000000      0xe20
 .debug_aranges
                0x00000000       0x28 Application/SW4STM32/startup_stm32f030x6.o
 .debug_aranges
                0x00000028       0x38 Application/User/OS_Sched/OS_Schedule.o
 .debug_aranges
                0x00000060       0x60 Application/User/main.o
 .debug_aranges
                0x000000c0       0x60 Application/User/stm32f0xx_hal_msp.o
 .debug_aranges
                0x00000120       0x58 Application/User/stm32f0xx_it.o
 .debug_aranges
                0x00000178       0x30 DeviceDriver/LED7/LED7.o
 .debug_aranges
                0x000001a8       0x28 Drivers/CMSIS/system_stm32f0xx.o
 .debug_aranges
                0x000001d0       0xb8 Drivers/STM32F0xx_HAL_Driver/stm32f0xx_hal.o
 .debug_aranges
                0x00000288       0x78 Drivers/STM32F0xx_HAL_Driver/stm32f0xx_hal_cortex.o
 .debug_aranges
                0x00000300       0x88 Drivers/STM32F0xx_HAL_Driver/stm32f0xx_hal_dma.o
 .debug_aranges
                0x00000388       0x58 Drivers/STM32F0xx_HAL_Driver/stm32f0xx_hal_gpio.o
 .debug_aranges
                0x000003e0       0x80 Drivers/STM32F0xx_HAL_Driver/stm32f0xx_hal_rcc.o
 .debug_aranges
                0x00000460       0x30 Drivers/STM32F0xx_HAL_Driver/stm32f0xx_hal_rcc_ex.o
 .debug_aranges
                0x00000490      0x1d8 Drivers/STM32F0xx_HAL_Driver/stm32f0xx_hal_spi.o
 .debug_aranges
                0x00000668      0x378 Drivers/STM32F0xx_HAL_Driver/stm32f0xx_hal_tim.o
 .debug_aranges
                0x000009e0      0x140 Drivers/STM32F0xx_HAL_Driver/stm32f0xx_hal_tim_ex.o
 .debug_aranges
                0x00000b20      0x1d8 Drivers/STM32F0xx_HAL_Driver/stm32f0xx_hal_uart.o
 .debug_aranges
                0x00000cf8       0x70 HWE/TM1637/TM1637.o
 .debug_aranges
                0x00000d68       0x40 HWE/Uart/Uart.o
 .debug_aranges
                0x00000da8       0x28 Srv/Srv_Delay/Srv_Delay.o
 .debug_aranges
                0x00000dd0       0x50 Srv/Srv_RingBuf/Srv_RingBuf.o

.debug_ranges   0x00000000      0xd68
 .debug_ranges  0x00000000       0x20 Application/SW4STM32/startup_stm32f030x6.o
 .debug_ranges  0x00000020       0x28 Application/User/OS_Sched/OS_Schedule.o
 .debug_ranges  0x00000048       0x50 Application/User/main.o
 .debug_ranges  0x00000098       0x50 Application/User/stm32f0xx_hal_msp.o
 .debug_ranges  0x000000e8       0x48 Application/User/stm32f0xx_it.o
 .debug_ranges  0x00000130       0x20 DeviceDriver/LED7/LED7.o
 .debug_ranges  0x00000150       0x18 Drivers/CMSIS/system_stm32f0xx.o
 .debug_ranges  0x00000168       0xa8 Drivers/STM32F0xx_HAL_Driver/stm32f0xx_hal.o
 .debug_ranges  0x00000210       0xb0 Drivers/STM32F0xx_HAL_Driver/stm32f0xx_hal_cortex.o
 .debug_ranges  0x000002c0       0x78 Drivers/STM32F0xx_HAL_Driver/stm32f0xx_hal_dma.o
 .debug_ranges  0x00000338       0x48 Drivers/STM32F0xx_HAL_Driver/stm32f0xx_hal_gpio.o
 .debug_ranges  0x00000380       0x88 Drivers/STM32F0xx_HAL_Driver/stm32f0xx_hal_rcc.o
 .debug_ranges  0x00000408       0x38 Drivers/STM32F0xx_HAL_Driver/stm32f0xx_hal_rcc_ex.o
 .debug_ranges  0x00000440      0x1c8 Drivers/STM32F0xx_HAL_Driver/stm32f0xx_hal_spi.o
 .debug_ranges  0x00000608      0x368 Drivers/STM32F0xx_HAL_Driver/stm32f0xx_hal_tim.o
 .debug_ranges  0x00000970      0x130 Drivers/STM32F0xx_HAL_Driver/stm32f0xx_hal_tim_ex.o
 .debug_ranges  0x00000aa0      0x1c8 Drivers/STM32F0xx_HAL_Driver/stm32f0xx_hal_uart.o
 .debug_ranges  0x00000c68       0x78 HWE/TM1637/TM1637.o
 .debug_ranges  0x00000ce0       0x30 HWE/Uart/Uart.o
 .debug_ranges  0x00000d10       0x18 Srv/Srv_Delay/Srv_Delay.o
 .debug_ranges  0x00000d28       0x40 Srv/Srv_RingBuf/Srv_RingBuf.o

.debug_macro    0x00000000     0xe3da
 .debug_macro   0x00000000      0x32a Application/User/OS_Sched/OS_Schedule.o
 .debug_macro   0x0000032a       0xbd Application/User/OS_Sched/OS_Schedule.o
 .debug_macro   0x000003e7       0x2e Application/User/OS_Sched/OS_Schedule.o
 .debug_macro   0x00000415       0x22 Application/User/OS_Sched/OS_Schedule.o
 .debug_macro   0x00000437       0x87 Application/User/OS_Sched/OS_Schedule.o
 .debug_macro   0x000004be       0x51 Application/User/OS_Sched/OS_Schedule.o
 .debug_macro   0x0000050f       0xef Application/User/OS_Sched/OS_Schedule.o
 .debug_macro   0x000005fe      0x1df Application/User/OS_Sched/OS_Schedule.o
 .debug_macro   0x000007dd       0x34 Application/User/OS_Sched/OS_Schedule.o
 .debug_macro   0x00000811       0x26 Application/User/OS_Sched/OS_Schedule.o
 .debug_macro   0x00000837      0x30d Application/User/OS_Sched/OS_Schedule.o
 .debug_macro   0x00000b44     0x6ed0 Application/User/OS_Sched/OS_Schedule.o
 .debug_macro   0x00007a14       0x3c Application/User/OS_Sched/OS_Schedule.o
 .debug_macro   0x00007a50       0x58 Application/User/OS_Sched/OS_Schedule.o
 .debug_macro   0x00007aa8       0x16 Application/User/OS_Sched/OS_Schedule.o
 .debug_macro   0x00007abe       0x97 Application/User/OS_Sched/OS_Schedule.o
 .debug_macro   0x00007b55       0xfd Application/User/OS_Sched/OS_Schedule.o
 .debug_macro   0x00007c52       0x49 Application/User/OS_Sched/OS_Schedule.o
 .debug_macro   0x00007c9b      0x92f Application/User/OS_Sched/OS_Schedule.o
 .debug_macro   0x000085ca       0xe5 Application/User/OS_Sched/OS_Schedule.o
 .debug_macro   0x000086af      0x13a Application/User/OS_Sched/OS_Schedule.o
 .debug_macro   0x000087e9       0xb3 Application/User/OS_Sched/OS_Schedule.o
 .debug_macro   0x0000889c      0x1ed Application/User/OS_Sched/OS_Schedule.o
 .debug_macro   0x00008a89       0x34 Application/User/OS_Sched/OS_Schedule.o
 .debug_macro   0x00008abd       0x43 Application/User/OS_Sched/OS_Schedule.o
 .debug_macro   0x00008b00       0x28 Application/User/OS_Sched/OS_Schedule.o
 .debug_macro   0x00008b28      0x33d Application/User/OS_Sched/OS_Schedule.o
 .debug_macro   0x00008e65       0xbc Application/User/OS_Sched/OS_Schedule.o
 .debug_macro   0x00008f21       0xb6 Application/User/OS_Sched/OS_Schedule.o
 .debug_macro   0x00008fd7      0x15a Application/User/OS_Sched/OS_Schedule.o
 .debug_macro   0x00009131      0x202 Application/User/OS_Sched/OS_Schedule.o
 .debug_macro   0x00009333       0x61 Application/User/OS_Sched/OS_Schedule.o
 .debug_macro   0x00009394       0x90 Application/User/OS_Sched/OS_Schedule.o
 .debug_macro   0x00009424       0x4d Application/User/OS_Sched/OS_Schedule.o
 .debug_macro   0x00009471       0x2d Application/User/OS_Sched/OS_Schedule.o
 .debug_macro   0x0000949e      0x2f0 Application/User/OS_Sched/OS_Schedule.o
 .debug_macro   0x0000978e      0x845 Application/User/OS_Sched/OS_Schedule.o
 .debug_macro   0x00009fd3       0x45 Application/User/OS_Sched/OS_Schedule.o
 .debug_macro   0x0000a018      0x37c Application/User/OS_Sched/OS_Schedule.o
 .debug_macro   0x0000a394      0x156 Application/User/OS_Sched/OS_Schedule.o
 .debug_macro   0x0000a4ea       0xea Application/User/OS_Sched/OS_Schedule.o
 .debug_macro   0x0000a5d4       0x16 Application/User/OS_Sched/OS_Schedule.o
 .debug_macro   0x0000a5ea      0x377 Application/User/main.o
 .debug_macro   0x0000a961       0x16 Application/User/main.o
 .debug_macro   0x0000a977       0x22 Application/User/main.o
 .debug_macro   0x0000a999      0x32b Application/User/stm32f0xx_hal_msp.o
 .debug_macro   0x0000acc4      0x33e Application/User/stm32f0xx_it.o
 .debug_macro   0x0000b002      0x366 DeviceDriver/LED7/LED7.o
 .debug_macro   0x0000b368       0x16 DeviceDriver/LED7/LED7.o
 .debug_macro   0x0000b37e      0x321 Drivers/CMSIS/system_stm32f0xx.o
 .debug_macro   0x0000b69f      0x345 Drivers/STM32F0xx_HAL_Driver/stm32f0xx_hal.o
 .debug_macro   0x0000b9e4      0x321 Drivers/STM32F0xx_HAL_Driver/stm32f0xx_hal_cortex.o
 .debug_macro   0x0000bd05      0x321 Drivers/STM32F0xx_HAL_Driver/stm32f0xx_hal_dma.o
 .debug_macro   0x0000c026      0x359 Drivers/STM32F0xx_HAL_Driver/stm32f0xx_hal_gpio.o
 .debug_macro   0x0000c37f      0x333 Drivers/STM32F0xx_HAL_Driver/stm32f0xx_hal_rcc.o
 .debug_macro   0x0000c6b2      0x321 Drivers/STM32F0xx_HAL_Driver/stm32f0xx_hal_rcc_ex.o
 .debug_macro   0x0000c9d3      0x329 Drivers/STM32F0xx_HAL_Driver/stm32f0xx_hal_spi.o
 .debug_macro   0x0000ccfc      0x321 Drivers/STM32F0xx_HAL_Driver/stm32f0xx_hal_tim.o
 .debug_macro   0x0000d01d      0x321 Drivers/STM32F0xx_HAL_Driver/stm32f0xx_hal_tim_ex.o
 .debug_macro   0x0000d33e      0x329 Drivers/STM32F0xx_HAL_Driver/stm32f0xx_hal_uart.o
 .debug_macro   0x0000d667      0x39e HWE/TM1637/TM1637.o
 .debug_macro   0x0000da05      0x35f HWE/Uart/Uart.o
 .debug_macro   0x0000dd64      0x32b Srv/Srv_Delay/Srv_Delay.o
 .debug_macro   0x0000e08f      0x34b Srv/Srv_RingBuf/Srv_RingBuf.o

.debug_str      0x00000000    0x4cc63
 .debug_str     0x00000000    0x4891d Application/User/OS_Sched/OS_Schedule.o
                              0x48b5c (size before relaxing)
 .debug_str     0x0004891d      0xfe2 Application/User/main.o
                              0x49b60 (size before relaxing)
 .debug_str     0x000498ff      0x159 Application/User/stm32f0xx_hal_msp.o
                              0x49794 (size before relaxing)
 .debug_str     0x00049a58      0x125 Application/User/stm32f0xx_it.o
                              0x49271 (size before relaxing)
 .debug_str     0x00049b7d      0x1e2 DeviceDriver/LED7/LED7.o
                              0x48ccc (size before relaxing)
 .debug_str     0x00049d5f       0xa3 Drivers/CMSIS/system_stm32f0xx.o
                              0x48b6b (size before relaxing)
 .debug_str     0x00049e02      0x3bd Drivers/STM32F0xx_HAL_Driver/stm32f0xx_hal.o
                              0x4903d (size before relaxing)
 .debug_str     0x0004a1bf      0x1f2 Drivers/STM32F0xx_HAL_Driver/stm32f0xx_hal_cortex.o
                              0x48eeb (size before relaxing)
 .debug_str     0x0004a3b1      0x26c Drivers/STM32F0xx_HAL_Driver/stm32f0xx_hal_dma.o
                              0x48f54 (size before relaxing)
 .debug_str     0x0004a61d      0x221 Drivers/STM32F0xx_HAL_Driver/stm32f0xx_hal_gpio.o
                              0x48e12 (size before relaxing)
 .debug_str     0x0004a83e      0x241 Drivers/STM32F0xx_HAL_Driver/stm32f0xx_hal_rcc.o
                              0x48f76 (size before relaxing)
 .debug_str     0x0004aa7f       0xe0 Drivers/STM32F0xx_HAL_Driver/stm32f0xx_hal_rcc_ex.o
                              0x48ce5 (size before relaxing)
 .debug_str     0x0004ab5f      0x57d Drivers/STM32F0xx_HAL_Driver/stm32f0xx_hal_spi.o
                              0x494a5 (size before relaxing)
 .debug_str     0x0004b0dc      0xd15 Drivers/STM32F0xx_HAL_Driver/stm32f0xx_hal_tim.o
                              0x49cc0 (size before relaxing)
 .debug_str     0x0004bdf1      0x4e6 Drivers/STM32F0xx_HAL_Driver/stm32f0xx_hal_tim_ex.o
                              0x49532 (size before relaxing)
 .debug_str     0x0004c2d7      0x662 Drivers/STM32F0xx_HAL_Driver/stm32f0xx_hal_uart.o
                              0x4970c (size before relaxing)
 .debug_str     0x0004c939      0x175 HWE/TM1637/TM1637.o
                              0x492c2 (size before relaxing)
 .debug_str     0x0004caae       0xd8 HWE/Uart/Uart.o
                              0x4912b (size before relaxing)
 .debug_str     0x0004cb86       0x5a Srv/Srv_Delay/Srv_Delay.o
                              0x48ecc (size before relaxing)
 .debug_str     0x0004cbe0       0x83 Srv/Srv_RingBuf/Srv_RingBuf.o
                              0x48bd5 (size before relaxing)

.comment        0x00000000       0x7f
 .comment       0x00000000       0x7f Application/User/OS_Sched/OS_Schedule.o
                                 0x80 (size before relaxing)
 .comment       0x0000007f       0x80 Application/User/main.o
 .comment       0x0000007f       0x80 Application/User/stm32f0xx_hal_msp.o
 .comment       0x0000007f       0x80 Application/User/stm32f0xx_it.o
 .comment       0x0000007f       0x80 DeviceDriver/LED7/LED7.o
 .comment       0x0000007f       0x80 Drivers/CMSIS/system_stm32f0xx.o
 .comment       0x0000007f       0x80 Drivers/STM32F0xx_HAL_Driver/stm32f0xx_hal.o
 .comment       0x0000007f       0x80 Drivers/STM32F0xx_HAL_Driver/stm32f0xx_hal_cortex.o
 .comment       0x0000007f       0x80 Drivers/STM32F0xx_HAL_Driver/stm32f0xx_hal_dma.o
 .comment       0x0000007f       0x80 Drivers/STM32F0xx_HAL_Driver/stm32f0xx_hal_gpio.o
 .comment       0x0000007f       0x80 Drivers/STM32F0xx_HAL_Driver/stm32f0xx_hal_rcc.o
 .comment       0x0000007f       0x80 Drivers/STM32F0xx_HAL_Driver/stm32f0xx_hal_rcc_ex.o
 .comment       0x0000007f       0x80 Drivers/STM32F0xx_HAL_Driver/stm32f0xx_hal_spi.o
 .comment       0x0000007f       0x80 Drivers/STM32F0xx_HAL_Driver/stm32f0xx_hal_tim.o
 .comment       0x0000007f       0x80 Drivers/STM32F0xx_HAL_Driver/stm32f0xx_hal_tim_ex.o
 .comment       0x0000007f       0x80 Drivers/STM32F0xx_HAL_Driver/stm32f0xx_hal_uart.o
 .comment       0x0000007f       0x80 HWE/TM1637/TM1637.o
 .comment       0x0000007f       0x80 HWE/Uart/Uart.o
 .comment       0x0000007f       0x80 Srv/Srv_Delay/Srv_Delay.o
 .comment       0x0000007f       0x80 Srv/Srv_RingBuf/Srv_RingBuf.o

.debug_frame    0x00000000     0x244c
 .debug_frame   0x00000000       0x58 Application/User/OS_Sched/OS_Schedule.o
 .debug_frame   0x00000058       0xf4 Application/User/main.o
 .debug_frame   0x0000014c       0xf0 Application/User/stm32f0xx_hal_msp.o
 .debug_frame   0x0000023c       0xb0 Application/User/stm32f0xx_it.o
 .debug_frame   0x000002ec       0x60 DeviceDriver/LED7/LED7.o
 .debug_frame   0x0000034c       0x38 Drivers/CMSIS/system_stm32f0xx.o
 .debug_frame   0x00000384      0x174 Drivers/STM32F0xx_HAL_Driver/stm32f0xx_hal.o
 .debug_frame   0x000004f8       0xe4 Drivers/STM32F0xx_HAL_Driver/stm32f0xx_hal_cortex.o
 .debug_frame   0x000005dc      0x168 Drivers/STM32F0xx_HAL_Driver/stm32f0xx_hal_dma.o
 .debug_frame   0x00000744       0xcc Drivers/STM32F0xx_HAL_Driver/stm32f0xx_hal_gpio.o
 .debug_frame   0x00000810      0x130 Drivers/STM32F0xx_HAL_Driver/stm32f0xx_hal_rcc.o
 .debug_frame   0x00000940       0x58 Drivers/STM32F0xx_HAL_Driver/stm32f0xx_hal_rcc_ex.o
 .debug_frame   0x00000998      0x578 Drivers/STM32F0xx_HAL_Driver/stm32f0xx_hal_spi.o
 .debug_frame   0x00000f10      0x9cc Drivers/STM32F0xx_HAL_Driver/stm32f0xx_hal_tim.o
 .debug_frame   0x000018dc      0x384 Drivers/STM32F0xx_HAL_Driver/stm32f0xx_hal_tim_ex.o
 .debug_frame   0x00001c60      0x4f4 Drivers/STM32F0xx_HAL_Driver/stm32f0xx_hal_uart.o
 .debug_frame   0x00002154      0x114 HWE/TM1637/TM1637.o
 .debug_frame   0x00002268       0x88 HWE/Uart/Uart.o
 .debug_frame   0x000022f0       0x40 Srv/Srv_Delay/Srv_Delay.o
 .debug_frame   0x00002330       0xb0 Srv/Srv_RingBuf/Srv_RingBuf.o
 .debug_frame   0x000023e0       0x20 c:/program files/systemworkbench/plugins/fr.ac6.mcu.externaltools.arm-none.win32_1.15.0.201708311556/tools/compiler/bin/../lib/gcc/arm-none-eabi/6.3.1/thumb/v6-m\libgcc.a(_udivsi3.o)
 .debug_frame   0x00002400       0x2c c:/program files/systemworkbench/plugins/fr.ac6.mcu.externaltools.arm-none.win32_1.15.0.201708311556/tools/compiler/bin/../lib/gcc/arm-none-eabi/6.3.1/../../../../arm-none-eabi/lib/thumb/v6-m\libc_nano.a(lib_a-init.o)
 .debug_frame   0x0000242c       0x20 c:/program files/systemworkbench/plugins/fr.ac6.mcu.externaltools.arm-none.win32_1.15.0.201708311556/tools/compiler/bin/../lib/gcc/arm-none-eabi/6.3.1/../../../../arm-none-eabi/lib/thumb/v6-m\libc_nano.a(lib_a-memset.o)

.debug_loc      0x00000000     0x9e1f
 .debug_loc     0x00000000      0x1e5 Application/User/stm32f0xx_hal_msp.o
 .debug_loc     0x000001e5       0x6e DeviceDriver/LED7/LED7.o
 .debug_loc     0x00000253      0x10e Drivers/CMSIS/system_stm32f0xx.o
 .debug_loc     0x00000361       0x7c Drivers/STM32F0xx_HAL_Driver/stm32f0xx_hal.o
 .debug_loc     0x000003dd      0x393 Drivers/STM32F0xx_HAL_Driver/stm32f0xx_hal_cortex.o
 .debug_loc     0x00000770      0x7ee Drivers/STM32F0xx_HAL_Driver/stm32f0xx_hal_dma.o
 .debug_loc     0x00000f5e      0x2b2 Drivers/STM32F0xx_HAL_Driver/stm32f0xx_hal_gpio.o
 .debug_loc     0x00001210      0x421 Drivers/STM32F0xx_HAL_Driver/stm32f0xx_hal_rcc.o
 .debug_loc     0x00001631      0x342 Drivers/STM32F0xx_HAL_Driver/stm32f0xx_hal_rcc_ex.o
 .debug_loc     0x00001973     0x1d6a Drivers/STM32F0xx_HAL_Driver/stm32f0xx_hal_spi.o
 .debug_loc     0x000036dd     0x381e Drivers/STM32F0xx_HAL_Driver/stm32f0xx_hal_tim.o
 .debug_loc     0x00006efb     0x110a Drivers/STM32F0xx_HAL_Driver/stm32f0xx_hal_tim_ex.o
 .debug_loc     0x00008005     0x1642 Drivers/STM32F0xx_HAL_Driver/stm32f0xx_hal_uart.o
 .debug_loc     0x00009647      0x2ef HWE/TM1637/TM1637.o
 .debug_loc     0x00009936      0x178 HWE/Uart/Uart.o
 .debug_loc     0x00009aae       0x5f Srv/Srv_Delay/Srv_Delay.o
 .debug_loc     0x00009b0d      0x312 Srv/Srv_RingBuf/Srv_RingBuf.o
