Archive member included to satisfy reference by file (symbol)

c:/program files/systemworkbench/plugins/fr.ac6.mcu.externaltools.arm-none.win32_1.15.0.201708311556/tools/compiler/bin/../lib/gcc/arm-none-eabi/6.3.1/thumb/v6-m\libgcc.a(_udivsi3.o)
                              Drivers/CMSIS/system_stm32f0xx.o (__aeabi_uidiv)
c:/program files/systemworkbench/plugins/fr.ac6.mcu.externaltools.arm-none.win32_1.15.0.201708311556/tools/compiler/bin/../lib/gcc/arm-none-eabi/6.3.1/thumb/v6-m\libgcc.a(_divsi3.o)
                              Srv/Srv_RingBuf/Srv_RingBuf.o (__aeabi_idivmod)
c:/program files/systemworkbench/plugins/fr.ac6.mcu.externaltools.arm-none.win32_1.15.0.201708311556/tools/compiler/bin/../lib/gcc/arm-none-eabi/6.3.1/thumb/v6-m\libgcc.a(_dvmd_tls.o)
                              c:/program files/systemworkbench/plugins/fr.ac6.mcu.externaltools.arm-none.win32_1.15.0.201708311556/tools/compiler/bin/../lib/gcc/arm-none-eabi/6.3.1/thumb/v6-m\libgcc.a(_udivsi3.o) (__aeabi_idiv0)
c:/program files/systemworkbench/plugins/fr.ac6.mcu.externaltools.arm-none.win32_1.15.0.201708311556/tools/compiler/bin/../lib/gcc/arm-none-eabi/6.3.1/../../../../arm-none-eabi/lib/thumb/v6-m\libc_nano.a(lib_a-errno.o)
                              Application/SW4STM32/syscalls.o (__errno)
c:/program files/systemworkbench/plugins/fr.ac6.mcu.externaltools.arm-none.win32_1.15.0.201708311556/tools/compiler/bin/../lib/gcc/arm-none-eabi/6.3.1/../../../../arm-none-eabi/lib/thumb/v6-m\libc_nano.a(lib_a-exit.o)
                              c:/program files/systemworkbench/plugins/fr.ac6.mcu.externaltools.arm-none.win32_1.15.0.201708311556/tools/compiler/bin/../lib/gcc/arm-none-eabi/6.3.1/../../../../arm-none-eabi/lib/thumb/v6-m/crt0.o (exit)
c:/program files/systemworkbench/plugins/fr.ac6.mcu.externaltools.arm-none.win32_1.15.0.201708311556/tools/compiler/bin/../lib/gcc/arm-none-eabi/6.3.1/../../../../arm-none-eabi/lib/thumb/v6-m\libc_nano.a(lib_a-impure.o)
                              c:/program files/systemworkbench/plugins/fr.ac6.mcu.externaltools.arm-none.win32_1.15.0.201708311556/tools/compiler/bin/../lib/gcc/arm-none-eabi/6.3.1/../../../../arm-none-eabi/lib/thumb/v6-m\libc_nano.a(lib_a-exit.o) (_global_impure_ptr)
c:/program files/systemworkbench/plugins/fr.ac6.mcu.externaltools.arm-none.win32_1.15.0.201708311556/tools/compiler/bin/../lib/gcc/arm-none-eabi/6.3.1/../../../../arm-none-eabi/lib/thumb/v6-m\libc_nano.a(lib_a-init.o)
                              c:/program files/systemworkbench/plugins/fr.ac6.mcu.externaltools.arm-none.win32_1.15.0.201708311556/tools/compiler/bin/../lib/gcc/arm-none-eabi/6.3.1/../../../../arm-none-eabi/lib/thumb/v6-m/crt0.o (__libc_init_array)
c:/program files/systemworkbench/plugins/fr.ac6.mcu.externaltools.arm-none.win32_1.15.0.201708311556/tools/compiler/bin/../lib/gcc/arm-none-eabi/6.3.1/../../../../arm-none-eabi/lib/thumb/v6-m\libc_nano.a(lib_a-memset.o)
                              c:/program files/systemworkbench/plugins/fr.ac6.mcu.externaltools.arm-none.win32_1.15.0.201708311556/tools/compiler/bin/../lib/gcc/arm-none-eabi/6.3.1/../../../../arm-none-eabi/lib/thumb/v6-m/crt0.o (memset)

Allocating common symbols
Common symbol       size              file

Uart_Rx_Buffer      0x80              HWE/Uart/Uart_Rx.o
uwTick              0x4               Drivers/STM32F0xx_HAL_Driver/stm32f0xx_hal.o
pFlash              0x20              Drivers/STM32F0xx_HAL_Driver/stm32f0xx_hal_flash.o
hdma_usart1_rx      0x44              Application/User/main.o
huart1              0x70              Application/User/main.o
htim1               0x40              Application/User/main.o
Uart_RingBuffer     0xc               HWE/Uart/Uart_Rx.o
hspi1               0x64              Application/User/main.o
hadc                0x4c              Application/User/main.o

Discarded input sections

 .text          0x00000000        0x0 c:/program files/systemworkbench/plugins/fr.ac6.mcu.externaltools.arm-none.win32_1.15.0.201708311556/tools/compiler/bin/../lib/gcc/arm-none-eabi/6.3.1/thumb/v6-m/crti.o
 .data          0x00000000        0x0 c:/program files/systemworkbench/plugins/fr.ac6.mcu.externaltools.arm-none.win32_1.15.0.201708311556/tools/compiler/bin/../lib/gcc/arm-none-eabi/6.3.1/thumb/v6-m/crti.o
 .bss           0x00000000        0x0 c:/program files/systemworkbench/plugins/fr.ac6.mcu.externaltools.arm-none.win32_1.15.0.201708311556/tools/compiler/bin/../lib/gcc/arm-none-eabi/6.3.1/thumb/v6-m/crti.o
 .data          0x00000000        0x4 c:/program files/systemworkbench/plugins/fr.ac6.mcu.externaltools.arm-none.win32_1.15.0.201708311556/tools/compiler/bin/../lib/gcc/arm-none-eabi/6.3.1/thumb/v6-m/crtbegin.o
 .text          0x00000000       0x78 c:/program files/systemworkbench/plugins/fr.ac6.mcu.externaltools.arm-none.win32_1.15.0.201708311556/tools/compiler/bin/../lib/gcc/arm-none-eabi/6.3.1/../../../../arm-none-eabi/lib/thumb/v6-m/crt0.o
[...]
Memory Configuration

Name             Origin             Length             Attributes
RAM              0x20000000         0x00001000         xrw
FLASH            0x08000000         0x00004000         xr
*default*        0x00000000         0xffffffff

Linker script and memory map

LOAD c:/program files/systemworkbench/plugins/fr.ac6.mcu.externaltools.arm-none.win32_1.15.0.201708311556/tools/compiler/bin/../lib/gcc/arm-none-eabi/6.3.1/thumb/v6-m/crti.o
LOAD c:/program files/systemworkbench/plugins/fr.ac6.mcu.externaltools.arm-none.win32_1.15.0.201708311556/tools/compiler/bin/../lib/gcc/arm-none-eabi/6.3.1/thumb/v6-m/crtbegin.o
LOAD c:/program files/systemworkbench/plugins/fr.ac6.mcu.externaltools.arm-none.win32_1.15.0.201708311556/tools/compiler/bin/../lib/gcc/arm-none-eabi/6.3.1/../../../../arm-none-eabi/lib/thumb/v6-m/crt0.o
LOAD Application/SW4STM32/startup_stm32f030x6.o
LOAD Application/SW4STM32/syscalls.o
LOAD Application/User/main.o
LOAD Application/User/stm32f0xx_hal_msp.o
LOAD Application/User/stm32f0xx_it.o
LOAD DeviceDriver/Button/Btn_Mode/Btn_Mode.o
LOAD DeviceDriver/Button/Btn_Start/Btn_Start.o
LOAD DeviceDriver/TM1367/TM1367.o
LOAD Drivers/CMSIS/system_stm32f0xx.o
LOAD Drivers/STM32F0xx_HAL_Driver/stm32f0xx_hal.o
LOAD Drivers/STM32F0xx_HAL_Driver/stm32f0xx_hal_adc.o
LOAD Drivers/STM32F0xx_HAL_Driver/stm32f0xx_hal_adc_ex.o
LOAD Drivers/STM32F0xx_HAL_Driver/stm32f0xx_hal_cortex.o
LOAD Drivers/STM32F0xx_HAL_Driver/stm32f0xx_hal_dma.o
LOAD Drivers/STM32F0xx_HAL_Driver/stm32f0xx_hal_flash.o
LOAD Drivers/STM32F0xx_HAL_Driver/stm32f0xx_hal_flash_ex.o
LOAD Drivers/STM32F0xx_HAL_Driver/stm32f0xx_hal_gpio.o
LOAD Drivers/STM32F0xx_HAL_Driver/stm32f0xx_hal_i2c.o
LOAD Drivers/STM32F0xx_HAL_Driver/stm32f0xx_hal_i2c_ex.o
LOAD Drivers/STM32F0xx_HAL_Driver/stm32f0xx_hal_pwr.o
LOAD Drivers/STM32F0xx_HAL_Driver/stm32f0xx_hal_pwr_ex.o
LOAD Drivers/STM32F0xx_HAL_Driver/stm32f0xx_hal_rcc.o
LOAD Drivers/STM32F0xx_HAL_Driver/stm32f0xx_hal_rcc_ex.o
LOAD Drivers/STM32F0xx_HAL_Driver/stm32f0xx_hal_spi.o
LOAD Drivers/STM32F0xx_HAL_Driver/stm32f0xx_hal_spi_ex.o
LOAD Drivers/STM32F0xx_HAL_Driver/stm32f0xx_hal_tim.o
LOAD Drivers/STM32F0xx_HAL_Driver/stm32f0xx_hal_tim_ex.o
LOAD Drivers/STM32F0xx_HAL_Driver/stm32f0xx_hal_uart.o
LOAD Drivers/STM32F0xx_HAL_Driver/stm32f0xx_hal_uart_ex.o
LOAD HWE/Uart/Uart.o
LOAD HWE/Uart/Uart_Error.o
LOAD HWE/Uart/Uart_Rx.o
LOAD Srv/Srv_RingBuf/Srv_RingBuf.o
LOAD c:/program files/systemworkbench/plugins/fr.ac6.mcu.externaltools.arm-none.win32_1.15.0.201708311556/tools/compiler/bin/../lib/gcc/arm-none-eabi/6.3.1/../../../../arm-none-eabi/lib/thumb/v6-m\libm.a
START GROUP
LOAD c:/program files/systemworkbench/plugins/fr.ac6.mcu.externaltools.arm-none.win32_1.15.0.201708311556/tools/compiler/bin/../lib/gcc/arm-none-eabi/6.3.1/thumb/v6-m\libgcc.a
LOAD c:/program files/systemworkbench/plugins/fr.ac6.mcu.externaltools.arm-none.win32_1.15.0.201708311556/tools/compiler/bin/../lib/gcc/arm-none-eabi/6.3.1/../../../../arm-none-eabi/lib/thumb/v6-m\libc_nano.a
END GROUP
START GROUP
LOAD c:/program files/systemworkbench/plugins/fr.ac6.mcu.externaltools.arm-none.win32_1.15.0.201708311556/tools/compiler/bin/../lib/gcc/arm-none-eabi/6.3.1/thumb/v6-m\libgcc.a
LOAD c:/program files/systemworkbench/plugins/fr.ac6.mcu.externaltools.arm-none.win32_1.15.0.201708311556/tools/compiler/bin/../lib/gcc/arm-none-eabi/6.3.1/../../../../arm-none-eabi/lib/thumb/v6-m\libc_nano.a
LOAD c:/program files/systemworkbench/plugins/fr.ac6.mcu.externaltools.arm-none.win32_1.15.0.201708311556/tools/compiler/bin/../lib/gcc/arm-none-eabi/6.3.1/../../../../arm-none-eabi/lib/thumb/v6-m\libnosys.a
END GROUP
START GROUP
LOAD c:/program files/systemworkbench/plugins/fr.ac6.mcu.externaltools.arm-none.win32_1.15.0.201708311556/tools/compiler/bin/../lib/gcc/arm-none-eabi/6.3.1/thumb/v6-m\libgcc.a
LOAD c:/program files/systemworkbench/plugins/fr.ac6.mcu.externaltools.arm-none.win32_1.15.0.201708311556/tools/compiler/bin/../lib/gcc/arm-none-eabi/6.3.1/../../../../arm-none-eabi/lib/thumb/v6-m\libc_nano.a
LOAD c:/program files/systemworkbench/plugins/fr.ac6.mcu.externaltools.arm-none.win32_1.15.0.201708311556/tools/compiler/bin/../lib/gcc/arm-none-eabi/6.3.1/../../../../arm-none-eabi/lib/thumb/v6-m\libnosys.a
END GROUP
LOAD c:/program files/systemworkbench/plugins/fr.ac6.mcu.externaltools.arm-none.win32_1.15.0.201708311556/tools/compiler/bin/../lib/gcc/arm-none-eabi/6.3.1/thumb/v6-m/crtend.o
LOAD c:/program files/systemworkbench/plugins/fr.ac6.mcu.externaltools.arm-none.win32_1.15.0.201708311556/tools/compiler/bin/../lib/gcc/arm-none-eabi/6.3.1/thumb/v6-m/crtn.o
                0x20001000                _estack = 0x20001000
                0x00000200                _Min_Heap_Size = 0x200
                0x00000400                _Min_Stack_Size = 0x400

.isr_vector     0x08000000       0xc0
                0x08000000                . = ALIGN (0x4)
 *(.isr_vector)
 .isr_vector    0x08000000       0xc0 Application/SW4STM32/startup_stm32f030x6.o
                0x08000000                g_pfnVectors
                0x080000c0                . = ALIGN (0x4)

.text           0x080000c0     0x1cfc
                0x080000c0                . = ALIGN (0x4)
 *(.text)
 .text          0x080000c0       0x60 c:/program files/systemworkbench/plugins/fr.ac6.mcu.externaltools.arm-none.win32_1.15.0.201708311556/tools/compiler/bin/../lib/gcc/arm-none-eabi/6.3.1/thumb/v6-m/crtbegin.o
 .text          0x08000120      0x114 c:/program files/systemworkbench/plugins/fr.ac6.mcu.externaltools.arm-none.win32_1.15.0.201708311556/tools/compiler/bin/../lib/gcc/arm-none-eabi/6.3.1/thumb/v6-m\libgcc.a(_udivsi3.o)
                0x08000120                __aeabi_uidiv
                0x08000120                __udivsi3
                0x0800022c                __aeabi_uidivmod
 .text          0x08000234        0x4 c:/program files/systemworkbench/plugins/fr.ac6.mcu.externaltools.arm-none.win32_1.15.0.201708311556/tools/compiler/bin/../lib/gcc/arm-none-eabi/6.3.1/thumb/v6-m\libgcc.a(_dvmd_tls.o)
                0x08000234                __aeabi_idiv0
                0x08000234                __aeabi_ldiv0
 *(.text*)
 .text.Reset_Handler
                0x08000238       0x50 Application/SW4STM32/startup_stm32f030x6.o
                0x08000238                Reset_Handler
 .text.Default_Handler
                0x08000288        0x2 Application/SW4STM32/startup_stm32f030x6.o
                0x08000288                I2C1_IRQHandler
                0x08000288                SPI1_IRQHandler
                0x08000288                EXTI2_3_IRQHandler
                0x08000288                ADC1_IRQHandler
                0x08000288                TIM17_IRQHandler
                0x08000288                RTC_IRQHandler
                0x08000288                TIM16_IRQHandler
                0x08000288                TIM3_IRQHandler
                0x08000288                EXTI4_15_IRQHandler
                0x08000288                RCC_IRQHandler
                0x08000288                DMA1_Channel1_IRQHandler
                0x08000288                Default_Handler
                0x08000288                TIM14_IRQHandler
                0x08000288                DMA1_Channel4_5_IRQHandler
                0x08000288                EXTI0_1_IRQHandler
                0x08000288                WWDG_IRQHandler
                0x08000288                FLASH_IRQHandler
                0x08000288                USART1_IRQHandler
                0x08000288                TIM1_BRK_UP_TRG_COM_IRQHandler
 *fill*         0x0800028a        0x2 
 .text.MX_GPIO_Init
                0x0800028c       0xb8 Application/User/main.o
 .text.MX_DMA_Init
                0x08000344       0x30 Application/User/main.o
 .text.MX_ADC_Init
                0x08000374       0x6c Application/User/main.o
 .text.MX_SPI1_Init
                0x080003e0       0x44 Application/User/main.o
 .text.MX_TIM1_Init
                0x08000424       0x58 Application/User/main.o
 .text.MX_USART1_UART_Init
                0x0800047c       0x30 Application/User/main.o
 .text.SystemClock_Config
                0x080004ac       0x64 Application/User/main.o
                0x080004ac                SystemClock_Config
 .text.main     0x08000510       0x24 Application/User/main.o
                0x08000510                main
 .text.Error_Handler
                0x08000534        0x2 Application/User/main.o
                0x08000534                Error_Handler
 *fill*         0x08000536        0x2 
 .text.HAL_MspInit
                0x08000538       0x30 Application/User/stm32f0xx_hal_msp.o
                0x08000538                HAL_MspInit
 .text.HAL_ADC_MspInit
                0x08000568       0x60 Application/User/stm32f0xx_hal_msp.o
                0x08000568                HAL_ADC_MspInit
 .text.HAL_SPI_MspInit
                0x080005c8       0x64 Application/User/stm32f0xx_hal_msp.o
                0x080005c8                HAL_SPI_MspInit
 .text.HAL_TIM_Base_MspInit
                0x0800062c       0x40 Application/User/stm32f0xx_hal_msp.o
                0x0800062c                HAL_TIM_Base_MspInit
 .text.HAL_UART_MspInit
                0x0800066c       0x9c Application/User/stm32f0xx_hal_msp.o
                0x0800066c                HAL_UART_MspInit
 .text.NMI_Handler
                0x08000708        0x2 Application/User/stm32f0xx_it.o
                0x08000708                NMI_Handler
 .text.HardFault_Handler
                0x0800070a        0x2 Application/User/stm32f0xx_it.o
                0x0800070a                HardFault_Handler
 .text.SVC_Handler
                0x0800070c        0x2 Application/User/stm32f0xx_it.o
                0x0800070c                SVC_Handler
 .text.PendSV_Handler
                0x0800070e        0x2 Application/User/stm32f0xx_it.o
                0x0800070e                PendSV_Handler
 .text.SysTick_Handler
                0x08000710        0x8 Application/User/stm32f0xx_it.o
                0x08000710                SysTick_Handler
 .text.DMA1_Channel2_3_IRQHandler
                0x08000718       0x10 Application/User/stm32f0xx_it.o
                0x08000718                DMA1_Channel2_3_IRQHandler
 .text.TIM1_CC_IRQHandler
                0x08000728       0x10 Application/User/stm32f0xx_it.o
                0x08000728                TIM1_CC_IRQHandler
 .text.SystemInit
                0x08000738       0x60 Drivers/CMSIS/system_stm32f0xx.o
                0x08000738                SystemInit
 .text.HAL_InitTick
                0x08000798       0x24 Drivers/STM32F0xx_HAL_Driver/stm32f0xx_hal.o
                0x08000798                HAL_InitTick
 .text.HAL_Init
                0x080007bc       0x20 Drivers/STM32F0xx_HAL_Driver/stm32f0xx_hal.o
                0x080007bc                HAL_Init
 .text.HAL_IncTick
                0x080007dc       0x10 Drivers/STM32F0xx_HAL_Driver/stm32f0xx_hal.o
                0x080007dc                HAL_IncTick
 .text.HAL_GetTick
                0x080007ec        0xc Drivers/STM32F0xx_HAL_Driver/stm32f0xx_hal.o
                0x080007ec                HAL_GetTick
 .text.HAL_ADC_Init
                0x080007f8      0x18c Drivers/STM32F0xx_HAL_Driver/stm32f0xx_hal_adc.o
                0x080007f8                HAL_ADC_Init
 .text.HAL_ADC_ConfigChannel
                0x08000984      0x134 Drivers/STM32F0xx_HAL_Driver/stm32f0xx_hal_adc.o
                0x08000984                HAL_ADC_ConfigChannel
 .text.HAL_NVIC_SetPriority
                0x08000ab8       0x64 Drivers/STM32F0xx_HAL_Driver/stm32f0xx_hal_cortex.o
                0x08000ab8                HAL_NVIC_SetPriority
 .text.HAL_NVIC_EnableIRQ
                0x08000b1c       0x14 Drivers/STM32F0xx_HAL_Driver/stm32f0xx_hal_cortex.o
                0x08000b1c                HAL_NVIC_EnableIRQ
 .text.HAL_SYSTICK_Config
                0x08000b30       0x38 Drivers/STM32F0xx_HAL_Driver/stm32f0xx_hal_cortex.o
                0x08000b30                HAL_SYSTICK_Config
 .text.DMA_CalcBaseAndBitshift
                0x08000b68       0x28 Drivers/STM32F0xx_HAL_Driver/stm32f0xx_hal_dma.o
 .text.HAL_DMA_Init
                0x08000b90       0x58 Drivers/STM32F0xx_HAL_Driver/stm32f0xx_hal_dma.o
                0x08000b90                HAL_DMA_Init
 .text.HAL_DMA_IRQHandler
                0x08000be8       0xaa Drivers/STM32F0xx_HAL_Driver/stm32f0xx_hal_dma.o
                0x08000be8                HAL_DMA_IRQHandler
 *fill*         0x08000c92        0x2 
 .text.HAL_GPIO_Init
                0x08000c94      0x18c Drivers/STM32F0xx_HAL_Driver/stm32f0xx_hal_gpio.o
                0x08000c94                HAL_GPIO_Init
 .text.HAL_GPIO_WritePin
                0x08000e20        0xc Drivers/STM32F0xx_HAL_Driver/stm32f0xx_hal_gpio.o
                0x08000e20                HAL_GPIO_WritePin
 .text.HAL_RCC_OscConfig
                0x08000e2c      0x44c Drivers/STM32F0xx_HAL_Driver/stm32f0xx_hal_rcc.o
                0x08000e2c                HAL_RCC_OscConfig
 .text.HAL_RCC_GetSysClockFreq
                0x08001278       0x6c Drivers/STM32F0xx_HAL_Driver/stm32f0xx_hal_rcc.o
                0x08001278                HAL_RCC_GetSysClockFreq
 .text.HAL_RCC_ClockConfig
                0x080012e4      0x154 Drivers/STM32F0xx_HAL_Driver/stm32f0xx_hal_rcc.o
                0x080012e4                HAL_RCC_ClockConfig
 .text.HAL_RCC_GetHCLKFreq
                0x08001438        0xc Drivers/STM32F0xx_HAL_Driver/stm32f0xx_hal_rcc.o
                0x08001438                HAL_RCC_GetHCLKFreq
 .text.HAL_RCC_GetPCLK1Freq
                0x08001444       0x20 Drivers/STM32F0xx_HAL_Driver/stm32f0xx_hal_rcc.o
                0x08001444                HAL_RCC_GetPCLK1Freq
 .text.HAL_RCCEx_PeriphCLKConfig
                0x08001464      0x118 Drivers/STM32F0xx_HAL_Driver/stm32f0xx_hal_rcc_ex.o
                0x08001464                HAL_RCCEx_PeriphCLKConfig
 .text.HAL_SPI_Init
                0x0800157c       0xcc Drivers/STM32F0xx_HAL_Driver/stm32f0xx_hal_spi.o
                0x0800157c                HAL_SPI_Init
 .text.TIM_TI1_ConfigInputStage
                0x08001648       0x22 Drivers/STM32F0xx_HAL_Driver/stm32f0xx_hal_tim.o
 *fill*         0x0800166a        0x2 
 .text.TIM_TI2_ConfigInputStage
                0x0800166c       0x28 Drivers/STM32F0xx_HAL_Driver/stm32f0xx_hal_tim.o
 .text.TIM_ITRx_SetConfig
                0x08001694       0x12 Drivers/STM32F0xx_HAL_Driver/stm32f0xx_hal_tim.o
 .text.HAL_TIM_PeriodElapsedCallback
                0x080016a6        0x2 Drivers/STM32F0xx_HAL_Driver/stm32f0xx_hal_tim.o
                0x080016a6                HAL_TIM_PeriodElapsedCallback
 .text.HAL_TIM_OC_DelayElapsedCallback
                0x080016a8        0x2 Drivers/STM32F0xx_HAL_Driver/stm32f0xx_hal_tim.o
                0x080016a8                HAL_TIM_OC_DelayElapsedCallback
 .text.HAL_TIM_IC_CaptureCallback
                0x080016aa        0x2 Drivers/STM32F0xx_HAL_Driver/stm32f0xx_hal_tim.o
                0x080016aa                HAL_TIM_IC_CaptureCallback
 .text.HAL_TIM_PWM_PulseFinishedCallback
                0x080016ac        0x2 Drivers/STM32F0xx_HAL_Driver/stm32f0xx_hal_tim.o
                0x080016ac                HAL_TIM_PWM_PulseFinishedCallback
 .text.HAL_TIM_TriggerCallback
                0x080016ae        0x2 Drivers/STM32F0xx_HAL_Driver/stm32f0xx_hal_tim.o
                0x080016ae                HAL_TIM_TriggerCallback
 .text.HAL_TIM_IRQHandler
                0x080016b0      0x15a Drivers/STM32F0xx_HAL_Driver/stm32f0xx_hal_tim.o
                0x080016b0                HAL_TIM_IRQHandler
 *fill*         0x0800180a        0x2 
 .text.TIM_Base_SetConfig
                0x0800180c       0x88 Drivers/STM32F0xx_HAL_Driver/stm32f0xx_hal_tim.o
                0x0800180c                TIM_Base_SetConfig
 .text.HAL_TIM_Base_Init
                0x08001894       0x34 Drivers/STM32F0xx_HAL_Driver/stm32f0xx_hal_tim.o
                0x08001894                HAL_TIM_Base_Init
 .text.TIM_ETR_SetConfig
                0x080018c8       0x18 Drivers/STM32F0xx_HAL_Driver/stm32f0xx_hal_tim.o
                0x080018c8                TIM_ETR_SetConfig
 .text.HAL_TIM_ConfigClockSource
                0x080018e0      0x118 Drivers/STM32F0xx_HAL_Driver/stm32f0xx_hal_tim.o
                0x080018e0                HAL_TIM_ConfigClockSource
 .text.HAL_TIMEx_MasterConfigSynchronization
                0x080019f8       0x4c Drivers/STM32F0xx_HAL_Driver/stm32f0xx_hal_tim_ex.o
                0x080019f8                HAL_TIMEx_MasterConfigSynchronization
 .text.HAL_TIMEx_CommutationCallback
                0x08001a44        0x2 Drivers/STM32F0xx_HAL_Driver/stm32f0xx_hal_tim_ex.o
                0x08001a44                HAL_TIMEx_CommutationCallback
 .text.HAL_TIMEx_BreakCallback
                0x08001a46        0x2 Drivers/STM32F0xx_HAL_Driver/stm32f0xx_hal_tim_ex.o
                0x08001a46                HAL_TIMEx_BreakCallback
 .text.UART_SetConfig
                0x08001a48      0x19c Drivers/STM32F0xx_HAL_Driver/stm32f0xx_hal_uart.o
                0x08001a48                UART_SetConfig
 .text.UART_AdvFeatureConfig
                0x08001be4       0xe0 Drivers/STM32F0xx_HAL_Driver/stm32f0xx_hal_uart.o
                0x08001be4                UART_AdvFeatureConfig
 .text.UART_CheckIdleState
                0x08001cc4       0x16 Drivers/STM32F0xx_HAL_Driver/stm32f0xx_hal_uart.o
                0x08001cc4                UART_CheckIdleState
 *fill*         0x08001cda        0x2 
 .text.HAL_UART_Init
                0x08001cdc       0x70 Drivers/STM32F0xx_HAL_Driver/stm32f0xx_hal_uart.o
                0x08001cdc                HAL_UART_Init
 .text.__libc_init_array
                0x08001d4c       0x48 c:/program files/systemworkbench/plugins/fr.ac6.mcu.externaltools.arm-none.win32_1.15.0.201708311556/tools/compiler/bin/../lib/gcc/arm-none-eabi/6.3.1/../../../../arm-none-eabi/lib/thumb/v6-m\libc_nano.a(lib_a-init.o)
                0x08001d4c                __libc_init_array
 .text.memset   0x08001d94       0x10 c:/program files/systemworkbench/plugins/fr.ac6.mcu.externaltools.arm-none.win32_1.15.0.201708311556/tools/compiler/bin/../lib/gcc/arm-none-eabi/6.3.1/../../../../arm-none-eabi/lib/thumb/v6-m\libc_nano.a(lib_a-memset.o)
                0x08001d94                memset
 *(.glue_7)
 .glue_7        0x08001da4        0x0 linker stubs
 *(.glue_7t)
 .glue_7t       0x08001da4        0x0 linker stubs
 *(.eh_frame)
 .eh_frame      0x08001da4        0x0 c:/program files/systemworkbench/plugins/fr.ac6.mcu.externaltools.arm-none.win32_1.15.0.201708311556/tools/compiler/bin/../lib/gcc/arm-none-eabi/6.3.1/thumb/v6-m/crtbegin.o
 *(.init)
 .init          0x08001da4        0x4 c:/program files/systemworkbench/plugins/fr.ac6.mcu.externaltools.arm-none.win32_1.15.0.201708311556/tools/compiler/bin/../lib/gcc/arm-none-eabi/6.3.1/thumb/v6-m/crti.o
                0x08001da4                _init
 .init          0x08001da8        0x8 c:/program files/systemworkbench/plugins/fr.ac6.mcu.externaltools.arm-none.win32_1.15.0.201708311556/tools/compiler/bin/../lib/gcc/arm-none-eabi/6.3.1/thumb/v6-m/crtn.o
 *(.fini)
 .fini          0x08001db0        0x4 c:/program files/systemworkbench/plugins/fr.ac6.mcu.externaltools.arm-none.win32_1.15.0.201708311556/tools/compiler/bin/../lib/gcc/arm-none-eabi/6.3.1/thumb/v6-m/crti.o
                0x08001db0                _fini
 .fini          0x08001db4        0x8 c:/program files/systemworkbench/plugins/fr.ac6.mcu.externaltools.arm-none.win32_1.15.0.201708311556/tools/compiler/bin/../lib/gcc/arm-none-eabi/6.3.1/thumb/v6-m/crtn.o
                0x08001dbc                . = ALIGN (0x4)
                0x08001dbc                _etext = .

.vfp11_veneer   0x08001dbc        0x0
 .vfp11_veneer  0x08001dbc        0x0 linker stubs

.v4_bx          0x08001dbc        0x0
 .v4_bx         0x08001dbc        0x0 linker stubs

.iplt           0x08001dbc        0x0
 .iplt          0x08001dbc        0x0 c:/program files/systemworkbench/plugins/fr.ac6.mcu.externaltools.arm-none.win32_1.15.0.201708311556/tools/compiler/bin/../lib/gcc/arm-none-eabi/6.3.1/thumb/v6-m/crtbegin.o

.rodata         0x08001dbc       0x38
                0x08001dbc                . = ALIGN (0x4)
 *(.rodata)
 .rodata        0x08001dbc       0x18 Drivers/CMSIS/system_stm32f0xx.o
                0x08001dbc                AHBPrescTable
                0x08001dcc                APBPrescTable
 .rodata        0x08001dd4       0x20 Drivers/STM32F0xx_HAL_Driver/stm32f0xx_hal_rcc.o
 *(.rodata*)
                0x08001df4                . = ALIGN (0x4)

.rel.dyn        0x08001df4        0x0
 .rel.iplt      0x08001df4        0x0 c:/program files/systemworkbench/plugins/fr.ac6.mcu.externaltools.arm-none.win32_1.15.0.201708311556/tools/compiler/bin/../lib/gcc/arm-none-eabi/6.3.1/thumb/v6-m/crtbegin.o

.ARM.extab
 *(.ARM.extab* .gnu.linkonce.armextab.*)

.ARM            0x08001df4        0x0
                0x08001df4                __exidx_start = .
 *(.ARM.exidx*)
                0x08001df4                __exidx_end = .

.preinit_array  0x08001df4        0x0
                0x08001df4                PROVIDE (__preinit_array_start, .)
 *(.preinit_array*)
                0x08001df4                PROVIDE (__preinit_array_end, .)

.init_array     0x08001df4        0x4
                0x08001df4                PROVIDE (__init_array_start, .)
 *(SORT(.init_array.*))
 *(.init_array*)
 .init_array    0x08001df4        0x4 c:/program files/systemworkbench/plugins/fr.ac6.mcu.externaltools.arm-none.win32_1.15.0.201708311556/tools/compiler/bin/../lib/gcc/arm-none-eabi/6.3.1/thumb/v6-m/crtbegin.o
                0x08001df8                PROVIDE (__init_array_end, .)

.fini_array     0x08001df8        0x4
                [!provide]                PROVIDE (__fini_array_start, .)
 *(SORT(.fini_array.*))
 *(.fini_array*)
 .fini_array    0x08001df8        0x4 c:/program files/systemworkbench/plugins/fr.ac6.mcu.externaltools.arm-none.win32_1.15.0.201708311556/tools/compiler/bin/../lib/gcc/arm-none-eabi/6.3.1/thumb/v6-m/crtbegin.o
                [!provide]                PROVIDE (__fini_array_end, .)
                0x08001dfc                _sidata = LOADADDR (.data)

.data           0x20000000        0x4 load address 0x08001dfc
                0x20000000                . = ALIGN (0x4)
                0x20000000                _sdata = .
 *(.data)
 .data          0x20000000        0x4 Drivers/CMSIS/system_stm32f0xx.o
                0x20000000                SystemCoreClock
 *(.data*)
                0x20000004                . = ALIGN (0x4)
                0x20000004                _edata = .

.jcr            0x20000004        0x0 load address 0x08001e00
 .jcr           0x20000004        0x0 c:/program files/systemworkbench/plugins/fr.ac6.mcu.externaltools.arm-none.win32_1.15.0.201708311556/tools/compiler/bin/../lib/gcc/arm-none-eabi/6.3.1/thumb/v6-m/crtbegin.o

.igot.plt       0x20000004        0x0 load address 0x08001e00
 .igot.plt      0x20000004        0x0 c:/program files/systemworkbench/plugins/fr.ac6.mcu.externaltools.arm-none.win32_1.15.0.201708311556/tools/compiler/bin/../lib/gcc/arm-none-eabi/6.3.1/thumb/v6-m/crtbegin.o
                0x20000004                . = ALIGN (0x4)

.bss            0x20000004      0x1c4 load address 0x08001e00
                0x20000004                _sbss = .
                0x20000004                __bss_start__ = _sbss
 *(.bss)
 .bss           0x20000004       0x1c c:/program files/systemworkbench/plugins/fr.ac6.mcu.externaltools.arm-none.win32_1.15.0.201708311556/tools/compiler/bin/../lib/gcc/arm-none-eabi/6.3.1/thumb/v6-m/crtbegin.o
 *(.bss*)
 *(COMMON)
 COMMON         0x20000020      0x1a4 Application/User/main.o
                0x20000020                hdma_usart1_rx
                0x20000064                huart1
                0x200000d4                htim1
                0x20000114                hspi1
                0x20000178                hadc
 COMMON         0x200001c4        0x4 Drivers/STM32F0xx_HAL_Driver/stm32f0xx_hal.o
                0x200001c4                uwTick
                0x200001c8                . = ALIGN (0x4)
                0x200001c8                _ebss = .
                0x200001c8                __bss_end__ = _ebss

._user_heap_stack
                0x200001c8      0x600 load address 0x08001e00
                0x200001c8                . = ALIGN (0x8)
                0x200001c8                PROVIDE (end, .)
                [!provide]                PROVIDE (_end, .)
                0x200003c8                . = (. + _Min_Heap_Size)
 *fill*         0x200001c8      0x200 
                0x200007c8                . = (. + _Min_Stack_Size)
 *fill*         0x200003c8      0x400 
                0x200007c8                . = ALIGN (0x8)

/DISCARD/
 libc.a(*)
 libm.a(*)
 libgcc.a(*)

.ARM.attributes
                0x00000000       0x28
 *(.ARM.attributes)
 .ARM.attributes
                0x00000000       0x1e c:/program files/systemworkbench/plugins/fr.ac6.mcu.externaltools.arm-none.win32_1.15.0.201708311556/tools/compiler/bin/../lib/gcc/arm-none-eabi/6.3.1/thumb/v6-m/crti.o
 .ARM.attributes
                0x0000001e       0x2c c:/program files/systemworkbench/plugins/fr.ac6.mcu.externaltools.arm-none.win32_1.15.0.201708311556/tools/compiler/bin/../lib/gcc/arm-none-eabi/6.3.1/thumb/v6-m/crtbegin.o
 .ARM.attributes
                0x0000004a       0x21 Application/SW4STM32/startup_stm32f030x6.o
 .ARM.attributes
                0x0000006b       0x31 Application/User/main.o
 .ARM.attributes
                0x0000009c       0x31 Application/User/stm32f0xx_hal_msp.o
 .ARM.attributes
                0x000000cd       0x31 Application/User/stm32f0xx_it.o
 .ARM.attributes
                0x000000fe       0x31 Drivers/CMSIS/system_stm32f0xx.o
 .ARM.attributes
                0x0000012f       0x31 Drivers/STM32F0xx_HAL_Driver/stm32f0xx_hal.o
 .ARM.attributes
                0x00000160       0x31 Drivers/STM32F0xx_HAL_Driver/stm32f0xx_hal_adc.o
 .ARM.attributes
                0x00000191       0x31 Drivers/STM32F0xx_HAL_Driver/stm32f0xx_hal_cortex.o
 .ARM.attributes
                0x000001c2       0x31 Drivers/STM32F0xx_HAL_Driver/stm32f0xx_hal_dma.o
 .ARM.attributes
                0x000001f3       0x31 Drivers/STM32F0xx_HAL_Driver/stm32f0xx_hal_gpio.o
 .ARM.attributes
                0x00000224       0x31 Drivers/STM32F0xx_HAL_Driver/stm32f0xx_hal_rcc.o
 .ARM.attributes
                0x00000255       0x31 Drivers/STM32F0xx_HAL_Driver/stm32f0xx_hal_rcc_ex.o
 .ARM.attributes
                0x00000286       0x31 Drivers/STM32F0xx_HAL_Driver/stm32f0xx_hal_spi.o
 .ARM.attributes
                0x000002b7       0x31 Drivers/STM32F0xx_HAL_Driver/stm32f0xx_hal_tim.o
 .ARM.attributes
                0x000002e8       0x31 Drivers/STM32F0xx_HAL_Driver/stm32f0xx_hal_tim_ex.o
 .ARM.attributes
                0x00000319       0x31 Drivers/STM32F0xx_HAL_Driver/stm32f0xx_hal_uart.o
 .ARM.attributes
                0x0000034a       0x1e c:/program files/systemworkbench/plugins/fr.ac6.mcu.externaltools.arm-none.win32_1.15.0.201708311556/tools/compiler/bin/../lib/gcc/arm-none-eabi/6.3.1/thumb/v6-m\libgcc.a(_udivsi3.o)
 .ARM.attributes
                0x00000368       0x1e c:/program files/systemworkbench/plugins/fr.ac6.mcu.externaltools.arm-none.win32_1.15.0.201708311556/tools/compiler/bin/../lib/gcc/arm-none-eabi/6.3.1/thumb/v6-m\libgcc.a(_dvmd_tls.o)
 .ARM.attributes
                0x00000386       0x2c c:/program files/systemworkbench/plugins/fr.ac6.mcu.externaltools.arm-none.win32_1.15.0.201708311556/tools/compiler/bin/../lib/gcc/arm-none-eabi/6.3.1/../../../../arm-none-eabi/lib/thumb/v6-m\libc_nano.a(lib_a-init.o)
 .ARM.attributes
                0x000003b2       0x2c c:/program files/systemworkbench/plugins/fr.ac6.mcu.externaltools.arm-none.win32_1.15.0.201708311556/tools/compiler/bin/../lib/gcc/arm-none-eabi/6.3.1/../../../../arm-none-eabi/lib/thumb/v6-m\libc_nano.a(lib_a-memset.o)
 .ARM.attributes
                0x000003de       0x1e c:/program files/systemworkbench/plugins/fr.ac6.mcu.externaltools.arm-none.win32_1.15.0.201708311556/tools/compiler/bin/../lib/gcc/arm-none-eabi/6.3.1/thumb/v6-m/crtn.o
OUTPUT(BadmintonV2_Main.elf elf32-littlearm)

.debug_info     0x00000000    0x15b5a
 .debug_info    0x00000000     0x1fb2 Application/User/main.o
 .debug_info    0x00001fb2     0x1b9b Application/User/stm32f0xx_hal_msp.o
 .debug_info    0x00003b4d      0xe6e Application/User/stm32f0xx_it.o
 .debug_info    0x000049bb      0xa7b Drivers/CMSIS/system_stm32f0xx.o
 .debug_info    0x00005436      0xe43 Drivers/STM32F0xx_HAL_Driver/stm32f0xx_hal.o
 .debug_info    0x00006279     0x167a Drivers/STM32F0xx_HAL_Driver/stm32f0xx_hal_adc.o
 .debug_info    0x000078f3      0xfb9 Drivers/STM32F0xx_HAL_Driver/stm32f0xx_hal_cortex.o
 .debug_info    0x000088ac     0x1029 Drivers/STM32F0xx_HAL_Driver/stm32f0xx_hal_dma.o
 .debug_info    0x000098d5      0xe5e Drivers/STM32F0xx_HAL_Driver/stm32f0xx_hal_gpio.o
 .debug_info    0x0000a733     0x113d Drivers/STM32F0xx_HAL_Driver/stm32f0xx_hal_rcc.o
 .debug_info    0x0000b870      0xc0a Drivers/STM32F0xx_HAL_Driver/stm32f0xx_hal_rcc_ex.o
 .debug_info    0x0000c47a     0x2578 Drivers/STM32F0xx_HAL_Driver/stm32f0xx_hal_spi.o
 .debug_info    0x0000e9f2     0x36e2 Drivers/STM32F0xx_HAL_Driver/stm32f0xx_hal_tim.o
 .debug_info    0x000120d4     0x1a90 Drivers/STM32F0xx_HAL_Driver/stm32f0xx_hal_tim_ex.o
 .debug_info    0x00013b64     0x1ff6 Drivers/STM32F0xx_HAL_Driver/stm32f0xx_hal_uart.o

.debug_abbrev   0x00000000     0x296f
 .debug_abbrev  0x00000000      0x2fb Application/User/main.o
 .debug_abbrev  0x000002fb      0x2ba Application/User/stm32f0xx_hal_msp.o
 .debug_abbrev  0x000005b5      0x21d Application/User/stm32f0xx_it.o
 .debug_abbrev  0x000007d2      0x205 Drivers/CMSIS/system_stm32f0xx.o
 .debug_abbrev  0x000009d7      0x2f4 Drivers/STM32F0xx_HAL_Driver/stm32f0xx_hal.o
 .debug_abbrev  0x00000ccb      0x2ec Drivers/STM32F0xx_HAL_Driver/stm32f0xx_hal_adc.o
 .debug_abbrev  0x00000fb7      0x326 Drivers/STM32F0xx_HAL_Driver/stm32f0xx_hal_cortex.o
 .debug_abbrev  0x000012dd      0x2ce Drivers/STM32F0xx_HAL_Driver/stm32f0xx_hal_dma.o
 .debug_abbrev  0x000015ab      0x2a5 Drivers/STM32F0xx_HAL_Driver/stm32f0xx_hal_gpio.o
 .debug_abbrev  0x00001850      0x2e8 Drivers/STM32F0xx_HAL_Driver/stm32f0xx_hal_rcc.o
 .debug_abbrev  0x00001b38      0x2a3 Drivers/STM32F0xx_HAL_Driver/stm32f0xx_hal_rcc_ex.o
 .debug_abbrev  0x00001ddb      0x313 Drivers/STM32F0xx_HAL_Driver/stm32f0xx_hal_spi.o
 .debug_abbrev  0x000020ee      0x2dc Drivers/STM32F0xx_HAL_Driver/stm32f0xx_hal_tim.o
 .debug_abbrev  0x000023ca      0x2dc Drivers/STM32F0xx_HAL_Driver/stm32f0xx_hal_tim_ex.o
 .debug_abbrev  0x000026a6      0x2c9 Drivers/STM32F0xx_HAL_Driver/stm32f0xx_hal_uart.o

.debug_aranges  0x00000000      0xd58
 .debug_aranges
                0x00000000       0x60 Application/User/main.o
 .debug_aranges
                0x00000060       0x60 Application/User/stm32f0xx_hal_msp.o
 .debug_aranges
                0x000000c0       0x50 Application/User/stm32f0xx_it.o
 .debug_aranges
                0x00000110       0x28 Drivers/CMSIS/system_stm32f0xx.o
 .debug_aranges
                0x00000138       0xb8 Drivers/STM32F0xx_HAL_Driver/stm32f0xx_hal.o
 .debug_aranges
                0x000001f0       0xf8 Drivers/STM32F0xx_HAL_Driver/stm32f0xx_hal_adc.o
 .debug_aranges
                0x000002e8       0x78 Drivers/STM32F0xx_HAL_Driver/stm32f0xx_hal_cortex.o
 .debug_aranges
                0x00000360       0x88 Drivers/STM32F0xx_HAL_Driver/stm32f0xx_hal_dma.o
 .debug_aranges
                0x000003e8       0x58 Drivers/STM32F0xx_HAL_Driver/stm32f0xx_hal_gpio.o
 .debug_aranges
                0x00000440       0x80 Drivers/STM32F0xx_HAL_Driver/stm32f0xx_hal_rcc.o
 .debug_aranges
                0x000004c0       0x30 Drivers/STM32F0xx_HAL_Driver/stm32f0xx_hal_rcc_ex.o
 .debug_aranges
                0x000004f0      0x1d8 Drivers/STM32F0xx_HAL_Driver/stm32f0xx_hal_spi.o
 .debug_aranges
                0x000006c8      0x378 Drivers/STM32F0xx_HAL_Driver/stm32f0xx_hal_tim.o
 .debug_aranges
                0x00000a40      0x140 Drivers/STM32F0xx_HAL_Driver/stm32f0xx_hal_tim_ex.o
 .debug_aranges
                0x00000b80      0x1d8 Drivers/STM32F0xx_HAL_Driver/stm32f0xx_hal_uart.o

.debug_ranges   0x00000000      0xce0
 .debug_ranges  0x00000000       0x50 Application/User/main.o
 .debug_ranges  0x00000050       0x50 Application/User/stm32f0xx_hal_msp.o
 .debug_ranges  0x000000a0       0x40 Application/User/stm32f0xx_it.o
 .debug_ranges  0x000000e0       0x18 Drivers/CMSIS/system_stm32f0xx.o
 .debug_ranges  0x000000f8       0xa8 Drivers/STM32F0xx_HAL_Driver/stm32f0xx_hal.o
 .debug_ranges  0x000001a0       0xe8 Drivers/STM32F0xx_HAL_Driver/stm32f0xx_hal_adc.o
 .debug_ranges  0x00000288       0xb0 Drivers/STM32F0xx_HAL_Driver/stm32f0xx_hal_cortex.o
 .debug_ranges  0x00000338       0x78 Drivers/STM32F0xx_HAL_Driver/stm32f0xx_hal_dma.o
 .debug_ranges  0x000003b0       0x48 Drivers/STM32F0xx_HAL_Driver/stm32f0xx_hal_gpio.o
 .debug_ranges  0x000003f8       0x88 Drivers/STM32F0xx_HAL_Driver/stm32f0xx_hal_rcc.o
 .debug_ranges  0x00000480       0x38 Drivers/STM32F0xx_HAL_Driver/stm32f0xx_hal_rcc_ex.o
 .debug_ranges  0x000004b8      0x1c8 Drivers/STM32F0xx_HAL_Driver/stm32f0xx_hal_spi.o
 .debug_ranges  0x00000680      0x368 Drivers/STM32F0xx_HAL_Driver/stm32f0xx_hal_tim.o
 .debug_ranges  0x000009e8      0x130 Drivers/STM32F0xx_HAL_Driver/stm32f0xx_hal_tim_ex.o
 .debug_ranges  0x00000b18      0x1c8 Drivers/STM32F0xx_HAL_Driver/stm32f0xx_hal_uart.o

.debug_macro    0x00000000     0xd2d5
 .debug_macro   0x00000000      0x365 Application/User/main.o
 .debug_macro   0x00000365       0xbd Application/User/main.o
 .debug_macro   0x00000422       0x2e Application/User/main.o
 .debug_macro   0x00000450       0x22 Application/User/main.o
 .debug_macro   0x00000472       0x87 Application/User/main.o
 .debug_macro   0x000004f9       0x51 Application/User/main.o
 .debug_macro   0x0000054a       0xef Application/User/main.o
 .debug_macro   0x00000639      0x1df Application/User/main.o
 .debug_macro   0x00000818       0x34 Application/User/main.o
 .debug_macro   0x0000084c       0x26 Application/User/main.o
 .debug_macro   0x00000872      0x30d Application/User/main.o
 .debug_macro   0x00000b7f     0x6ed0 Application/User/main.o
 .debug_macro   0x00007a4f       0x3c Application/User/main.o
 .debug_macro   0x00007a8b       0x58 Application/User/main.o
 .debug_macro   0x00007ae3       0x16 Application/User/main.o
 .debug_macro   0x00007af9       0x97 Application/User/main.o
 .debug_macro   0x00007b90       0xfd Application/User/main.o
 .debug_macro   0x00007c8d       0x49 Application/User/main.o
 .debug_macro   0x00007cd6      0x92f Application/User/main.o
 .debug_macro   0x00008605       0xe5 Application/User/main.o
 .debug_macro   0x000086ea      0x13a Application/User/main.o
 .debug_macro   0x00008824       0xb3 Application/User/main.o
 .debug_macro   0x000088d7      0x1ed Application/User/main.o
 .debug_macro   0x00008ac4       0x34 Application/User/main.o
 .debug_macro   0x00008af8       0x43 Application/User/main.o
 .debug_macro   0x00008b3b       0x28 Application/User/main.o
 .debug_macro   0x00008b63      0x33d Application/User/main.o
 .debug_macro   0x00008ea0       0xbc Application/User/main.o
 .debug_macro   0x00008f5c       0xb6 Application/User/main.o
 .debug_macro   0x00009012      0x15a Application/User/main.o
 .debug_macro   0x0000916c      0x202 Application/User/main.o
 .debug_macro   0x0000936e       0x61 Application/User/main.o
 .debug_macro   0x000093cf       0x90 Application/User/main.o
 .debug_macro   0x0000945f       0x4d Application/User/main.o
 .debug_macro   0x000094ac       0x2d Application/User/main.o
 .debug_macro   0x000094d9      0x2f0 Application/User/main.o
 .debug_macro   0x000097c9      0x845 Application/User/main.o
 .debug_macro   0x0000a00e       0x45 Application/User/main.o
 .debug_macro   0x0000a053      0x37c Application/User/main.o
 .debug_macro   0x0000a3cf      0x156 Application/User/main.o
 .debug_macro   0x0000a525       0xea Application/User/main.o
 .debug_macro   0x0000a60f       0x16 Application/User/main.o
 .debug_macro   0x0000a625       0x22 Application/User/main.o
 .debug_macro   0x0000a647      0x32b Application/User/stm32f0xx_hal_msp.o
 .debug_macro   0x0000a972      0x335 Application/User/stm32f0xx_it.o
 .debug_macro   0x0000aca7      0x321 Drivers/CMSIS/system_stm32f0xx.o
 .debug_macro   0x0000afc8      0x345 Drivers/STM32F0xx_HAL_Driver/stm32f0xx_hal.o
 .debug_macro   0x0000b30d      0x345 Drivers/STM32F0xx_HAL_Driver/stm32f0xx_hal_adc.o
 .debug_macro   0x0000b652      0x321 Drivers/STM32F0xx_HAL_Driver/stm32f0xx_hal_cortex.o
 .debug_macro   0x0000b973      0x321 Drivers/STM32F0xx_HAL_Driver/stm32f0xx_hal_dma.o
 .debug_macro   0x0000bc94      0x359 Drivers/STM32F0xx_HAL_Driver/stm32f0xx_hal_gpio.o
 .debug_macro   0x0000bfed      0x333 Drivers/STM32F0xx_HAL_Driver/stm32f0xx_hal_rcc.o
 .debug_macro   0x0000c320      0x321 Drivers/STM32F0xx_HAL_Driver/stm32f0xx_hal_rcc_ex.o
 .debug_macro   0x0000c641      0x329 Drivers/STM32F0xx_HAL_Driver/stm32f0xx_hal_spi.o
 .debug_macro   0x0000c96a      0x321 Drivers/STM32F0xx_HAL_Driver/stm32f0xx_hal_tim.o
 .debug_macro   0x0000cc8b      0x321 Drivers/STM32F0xx_HAL_Driver/stm32f0xx_hal_tim_ex.o
 .debug_macro   0x0000cfac      0x329 Drivers/STM32F0xx_HAL_Driver/stm32f0xx_hal_uart.o

.debug_line     0x00000000     0xc23c
 .debug_line    0x00000000      0xadd Application/User/main.o
 .debug_line    0x00000add      0x9a6 Application/User/stm32f0xx_hal_msp.o
 .debug_line    0x00001483      0x933 Application/User/stm32f0xx_it.o
 .debug_line    0x00001db6      0x8eb Drivers/CMSIS/system_stm32f0xx.o
 .debug_line    0x000026a1      0xa32 Drivers/STM32F0xx_HAL_Driver/stm32f0xx_hal.o
 .debug_line    0x000030d3      0xe0a Drivers/STM32F0xx_HAL_Driver/stm32f0xx_hal_adc.o
 .debug_line    0x00003edd      0xa2b Drivers/STM32F0xx_HAL_Driver/stm32f0xx_hal_cortex.o
 .debug_line    0x00004908      0xb0a Drivers/STM32F0xx_HAL_Driver/stm32f0xx_hal_dma.o
 .debug_line    0x00005412      0xa14 Drivers/STM32F0xx_HAL_Driver/stm32f0xx_hal_gpio.o
 .debug_line    0x00005e26      0xb36 Drivers/STM32F0xx_HAL_Driver/stm32f0xx_hal_rcc.o
 .debug_line    0x0000695c      0x999 Drivers/STM32F0xx_HAL_Driver/stm32f0xx_hal_rcc_ex.o
 .debug_line    0x000072f5     0x140c Drivers/STM32F0xx_HAL_Driver/stm32f0xx_hal_spi.o
 .debug_line    0x00008701     0x1a4c Drivers/STM32F0xx_HAL_Driver/stm32f0xx_hal_tim.o
 .debug_line    0x0000a14d      0xe84 Drivers/STM32F0xx_HAL_Driver/stm32f0xx_hal_tim_ex.o
 .debug_line    0x0000afd1     0x126b Drivers/STM32F0xx_HAL_Driver/stm32f0xx_hal_uart.o

.debug_str      0x00000000    0x4ca18
 .debug_str     0x00000000    0x4983b Application/User/main.o
                              0x49b50 (size before relaxing)
 .debug_str     0x0004983b      0x159 Application/User/stm32f0xx_hal_msp.o
                              0x49796 (size before relaxing)
 .debug_str     0x00049994       0xff Application/User/stm32f0xx_it.o
                              0x48f62 (size before relaxing)
 .debug_str     0x00049a93       0xa3 Drivers/CMSIS/system_stm32f0xx.o
                              0x48b6d (size before relaxing)
 .debug_str     0x00049b36      0x3bd Drivers/STM32F0xx_HAL_Driver/stm32f0xx_hal.o
                              0x4903f (size before relaxing)
 .debug_str     0x00049ef3      0x3c4 Drivers/STM32F0xx_HAL_Driver/stm32f0xx_hal_adc.o
                              0x49279 (size before relaxing)
 .debug_str     0x0004a2b7      0x1f2 Drivers/STM32F0xx_HAL_Driver/stm32f0xx_hal_cortex.o
                              0x48eed (size before relaxing)
 .debug_str     0x0004a4a9      0x24d Drivers/STM32F0xx_HAL_Driver/stm32f0xx_hal_dma.o
                              0x48f56 (size before relaxing)
 .debug_str     0x0004a6f6      0x221 Drivers/STM32F0xx_HAL_Driver/stm32f0xx_hal_gpio.o
                              0x48e14 (size before relaxing)
 .debug_str     0x0004a917      0x241 Drivers/STM32F0xx_HAL_Driver/stm32f0xx_hal_rcc.o
                              0x48f78 (size before relaxing)
 .debug_str     0x0004ab58       0xe0 Drivers/STM32F0xx_HAL_Driver/stm32f0xx_hal_rcc_ex.o
                              0x48ce7 (size before relaxing)
 .debug_str     0x0004ac38      0x577 Drivers/STM32F0xx_HAL_Driver/stm32f0xx_hal_spi.o
                              0x494a7 (size before relaxing)
 .debug_str     0x0004b1af      0xd0d Drivers/STM32F0xx_HAL_Driver/stm32f0xx_hal_tim.o
                              0x49cc2 (size before relaxing)
 .debug_str     0x0004bebc      0x4e6 Drivers/STM32F0xx_HAL_Driver/stm32f0xx_hal_tim_ex.o
                              0x49534 (size before relaxing)
 .debug_str     0x0004c3a2      0x676 Drivers/STM32F0xx_HAL_Driver/stm32f0xx_hal_uart.o
                              0x4970e (size before relaxing)

.comment        0x00000000       0x7f
 .comment       0x00000000       0x7f Application/User/main.o
                                 0x80 (size before relaxing)
 .comment       0x0000007f       0x80 Application/User/stm32f0xx_hal_msp.o
 .comment       0x0000007f       0x80 Application/User/stm32f0xx_it.o
 .comment       0x0000007f       0x80 Drivers/CMSIS/system_stm32f0xx.o
 .comment       0x0000007f       0x80 Drivers/STM32F0xx_HAL_Driver/stm32f0xx_hal.o
 .comment       0x0000007f       0x80 Drivers/STM32F0xx_HAL_Driver/stm32f0xx_hal_adc.o
 .comment       0x0000007f       0x80 Drivers/STM32F0xx_HAL_Driver/stm32f0xx_hal_cortex.o
 .comment       0x0000007f       0x80 Drivers/STM32F0xx_HAL_Driver/stm32f0xx_hal_dma.o
 .comment       0x0000007f       0x80 Drivers/STM32F0xx_HAL_Driver/stm32f0xx_hal_gpio.o
 .comment       0x0000007f       0x80 Drivers/STM32F0xx_HAL_Driver/stm32f0xx_hal_rcc.o
 .comment       0x0000007f       0x80 Drivers/STM32F0xx_HAL_Driver/stm32f0xx_hal_rcc_ex.o
 .comment       0x0000007f       0x80 Drivers/STM32F0xx_HAL_Driver/stm32f0xx_hal_spi.o
 .comment       0x0000007f       0x80 Drivers/STM32F0xx_HAL_Driver/stm32f0xx_hal_tim.o
 .comment       0x0000007f       0x80 Drivers/STM32F0xx_HAL_Driver/stm32f0xx_hal_tim_ex.o
 .comment       0x0000007f       0x80 Drivers/STM32F0xx_HAL_Driver/stm32f0xx_hal_uart.o

.debug_frame    0x00000000     0x2390
 .debug_frame   0x00000000       0xf4 Application/User/main.o
 .debug_frame   0x000000f4       0xf0 Application/User/stm32f0xx_hal_msp.o
 .debug_frame   0x000001e4       0x98 Application/User/stm32f0xx_it.o
 .debug_frame   0x0000027c       0x38 Drivers/CMSIS/system_stm32f0xx.o
 .debug_frame   0x000002b4      0x174 Drivers/STM32F0xx_HAL_Driver/stm32f0xx_hal.o
 .debug_frame   0x00000428      0x2a0 Drivers/STM32F0xx_HAL_Driver/stm32f0xx_hal_adc.o
 .debug_frame   0x000006c8       0xe4 Drivers/STM32F0xx_HAL_Driver/stm32f0xx_hal_cortex.o
 .debug_frame   0x000007ac      0x168 Drivers/STM32F0xx_HAL_Driver/stm32f0xx_hal_dma.o
 .debug_frame   0x00000914       0xcc Drivers/STM32F0xx_HAL_Driver/stm32f0xx_hal_gpio.o
 .debug_frame   0x000009e0      0x130 Drivers/STM32F0xx_HAL_Driver/stm32f0xx_hal_rcc.o
 .debug_frame   0x00000b10       0x58 Drivers/STM32F0xx_HAL_Driver/stm32f0xx_hal_rcc_ex.o
 .debug_frame   0x00000b68      0x578 Drivers/STM32F0xx_HAL_Driver/stm32f0xx_hal_spi.o
 .debug_frame   0x000010e0      0x9cc Drivers/STM32F0xx_HAL_Driver/stm32f0xx_hal_tim.o
 .debug_frame   0x00001aac      0x384 Drivers/STM32F0xx_HAL_Driver/stm32f0xx_hal_tim_ex.o
 .debug_frame   0x00001e30      0x4f4 Drivers/STM32F0xx_HAL_Driver/stm32f0xx_hal_uart.o
 .debug_frame   0x00002324       0x20 c:/program files/systemworkbench/plugins/fr.ac6.mcu.externaltools.arm-none.win32_1.15.0.201708311556/tools/compiler/bin/../lib/gcc/arm-none-eabi/6.3.1/thumb/v6-m\libgcc.a(_udivsi3.o)
 .debug_frame   0x00002344       0x2c c:/program files/systemworkbench/plugins/fr.ac6.mcu.externaltools.arm-none.win32_1.15.0.201708311556/tools/compiler/bin/../lib/gcc/arm-none-eabi/6.3.1/../../../../arm-none-eabi/lib/thumb/v6-m\libc_nano.a(lib_a-init.o)
 .debug_frame   0x00002370       0x20 c:/program files/systemworkbench/plugins/fr.ac6.mcu.externaltools.arm-none.win32_1.15.0.201708311556/tools/compiler/bin/../lib/gcc/arm-none-eabi/6.3.1/../../../../arm-none-eabi/lib/thumb/v6-m\libc_nano.a(lib_a-memset.o)

.debug_loc      0x00000000     0xa1d5
 .debug_loc     0x00000000      0x1cf Application/User/stm32f0xx_hal_msp.o
 .debug_loc     0x000001cf      0x10e Drivers/CMSIS/system_stm32f0xx.o
 .debug_loc     0x000002dd       0x7c Drivers/STM32F0xx_HAL_Driver/stm32f0xx_hal.o
 .debug_loc     0x00000359      0xc12 Drivers/STM32F0xx_HAL_Driver/stm32f0xx_hal_adc.o
 .debug_loc     0x00000f6b      0x393 Drivers/STM32F0xx_HAL_Driver/stm32f0xx_hal_cortex.o
 .debug_loc     0x000012fe      0x7ee Drivers/STM32F0xx_HAL_Driver/stm32f0xx_hal_dma.o
 .debug_loc     0x00001aec      0x2b2 Drivers/STM32F0xx_HAL_Driver/stm32f0xx_hal_gpio.o
 .debug_loc     0x00001d9e      0x421 Drivers/STM32F0xx_HAL_Driver/stm32f0xx_hal_rcc.o
 .debug_loc     0x000021bf      0x342 Drivers/STM32F0xx_HAL_Driver/stm32f0xx_hal_rcc_ex.o
 .debug_loc     0x00002501     0x1d6a Drivers/STM32F0xx_HAL_Driver/stm32f0xx_hal_spi.o
 .debug_loc     0x0000426b     0x381e Drivers/STM32F0xx_HAL_Driver/stm32f0xx_hal_tim.o
 .debug_loc     0x00007a89     0x110a Drivers/STM32F0xx_HAL_Driver/stm32f0xx_hal_tim_ex.o
 .debug_loc     0x00008b93     0x1642 Drivers/STM32F0xx_HAL_Driver/stm32f0xx_hal_uart.o
